Component: Arm Compiler for Embedded 6.21 Tool: armlink [5ec1fa00]

==============================================================================

Section Cross References

    startup_stm32f103xb.o(STACK) refers (Special) to heapauxi.o(.text) for __use_two_region_memory
    startup_stm32f103xb.o(HEAP) refers (Special) to heapauxi.o(.text) for __use_two_region_memory
    startup_stm32f103xb.o(RESET) refers (Special) to heapauxi.o(.text) for __use_two_region_memory
    startup_stm32f103xb.o(RESET) refers to startup_stm32f103xb.o(STACK) for __initial_sp
    startup_stm32f103xb.o(RESET) refers to startup_stm32f103xb.o(.text) for Reset_Handler
    startup_stm32f103xb.o(RESET) refers to stm32f1xx_it.o(.text.NMI_Handler) for NMI_Handler
    startup_stm32f103xb.o(RESET) refers to stm32f1xx_it.o(.text.HardFault_Handler) for HardFault_Handler
    startup_stm32f103xb.o(RESET) refers to stm32f1xx_it.o(.text.MemManage_Handler) for MemManage_Handler
    startup_stm32f103xb.o(RESET) refers to stm32f1xx_it.o(.text.BusFault_Handler) for BusFault_Handler
    startup_stm32f103xb.o(RESET) refers to stm32f1xx_it.o(.text.UsageFault_Handler) for UsageFault_Handler
    startup_stm32f103xb.o(RESET) refers to stm32f1xx_it.o(.text.SVC_Handler) for SVC_Handler
    startup_stm32f103xb.o(RESET) refers to stm32f1xx_it.o(.text.DebugMon_Handler) for DebugMon_Handler
    startup_stm32f103xb.o(RESET) refers to stm32f1xx_it.o(.text.PendSV_Handler) for PendSV_Handler
    startup_stm32f103xb.o(RESET) refers to stm32f1xx_it.o(.text.SysTick_Handler) for SysTick_Handler
    startup_stm32f103xb.o(.text) refers (Special) to heapauxi.o(.text) for __use_two_region_memory
    startup_stm32f103xb.o(.text) refers to system_stm32f1xx.o(.text.SystemInit) for SystemInit
    startup_stm32f103xb.o(.text) refers to __main.o(!!!main) for __main
    startup_stm32f103xb.o(.text) refers to startup_stm32f103xb.o(HEAP) for Heap_Mem
    startup_stm32f103xb.o(.text) refers to startup_stm32f103xb.o(STACK) for Stack_Mem
    main.o(.text.main) refers to stm32f1xx_hal.o(.text.HAL_Init) for HAL_Init
    main.o(.text.main) refers to main.o(.text.SystemClock_Config) for SystemClock_Config
    main.o(.text.main) refers to gpio.o(.text.MX_GPIO_Init) for MX_GPIO_Init
    main.o(.text.main) refers to spi.o(.text.MX_SPI1_Init) for MX_SPI1_Init
    main.o(.text.main) refers to usart.o(.text.MX_USART1_UART_Init) for MX_USART1_UART_Init
    main.o(.text.main) refers to i2c.o(.text.MX_I2C1_Init) for MX_I2C1_Init
    main.o(.text.main) refers to oled.o(.text.OLED_Init) for OLED_Init
    main.o(.text.main) refers to oled.o(.text.OLED_DisPlay_On) for OLED_DisPlay_On
    main.o(.text.main) refers to oled.o(.text.OLED_ColorTurn) for OLED_ColorTurn
    main.o(.text.main) refers to oled.o(.text.OLED_DisplayTurn) for OLED_DisplayTurn
    main.o(.text.main) refers to oled.o(.text.OLED_Clear) for OLED_Clear
    main.o(.text.main) refers to oled.o(.text.OLED_Refresh) for OLED_Refresh
    main.o(.text.main) refers to usart.o(.bss.huart1) for huart1
    main.o(.text.main) refers to main.o(.rodata.str1.1) for .L.str
    main.o(.text.main) refers to stm32f1xx_hal_uart.o(.text.HAL_UART_Transmit) for HAL_UART_Transmit
    main.o(.text.main) refers to bmp280.o(.text.BMP280_InitALL) for BMP280_InitALL
    main.o(.text.main) refers to keyscan.o(.text.keyScan) for keyScan
    main.o(.text.main) refers to main.o(.text.KeyTask) for KeyTask
    main.o(.text.main) refers to main.o(.bss.setFlag) for setFlag
    main.o(.text.main) refers to stm32f1xx_hal_gpio.o(.text.HAL_GPIO_ReadPin) for HAL_GPIO_ReadPin
    main.o(.text.main) refers to main.o(.bss.peopleFlag) for peopleFlag
    main.o(.text.main) refers to main.o(.text.oledShowAll) for oledShowAll
    main.o(.text.main) refers to main.o(.bss.t) for t
    main.o(.text.main) refers to main.o(.text.tempWarning) for tempWarning
    main.o(.ARM.exidx.text.main) refers to main.o(.text.main) for [Anonymous Symbol]
    main.o(.text.SystemClock_Config) refers to rt_memclr_w.o(.text) for __aeabi_memclr4
    main.o(.text.SystemClock_Config) refers to stm32f1xx_hal_rcc.o(.text.HAL_RCC_OscConfig) for HAL_RCC_OscConfig
    main.o(.text.SystemClock_Config) refers to main.o(.text.Error_Handler) for Error_Handler
    main.o(.text.SystemClock_Config) refers to stm32f1xx_hal_rcc.o(.text.HAL_RCC_ClockConfig) for HAL_RCC_ClockConfig
    main.o(.ARM.exidx.text.SystemClock_Config) refers to main.o(.text.SystemClock_Config) for [Anonymous Symbol]
    main.o(.text.KeyTask) refers to main.o(.bss.setFlag) for setFlag
    main.o(.text.KeyTask) refers to main.o(.bss.peopleFlag) for peopleFlag
    main.o(.text.KeyTask) refers to main.o(.data.TsetNo) for TsetNo
    main.o(.text.KeyTask) refers to main.o(.data.TsetYes) for TsetYes
    main.o(.ARM.exidx.text.KeyTask) refers to main.o(.text.KeyTask) for [Anonymous Symbol]
    main.o(.text.oledShowAll) refers to bmp280.o(.text.BMP280_GetTemperature) for BMP280_GetTemperature
[...]
    [Anonymous Symbol]                       0x08004c38   Section        0  stm32f1xx_hal_uart.o(.text.UART_EndRxTransfer)
    UART_SetConfig                           0x08004ccd   Thumb Code   186  stm32f1xx_hal_uart.o(.text.UART_SetConfig)
    [Anonymous Symbol]                       0x08004ccc   Section        0  stm32f1xx_hal_uart.o(.text.UART_SetConfig)
    UART_WaitOnFlagUntilTimeout              0x08004d89   Thumb Code   218  stm32f1xx_hal_uart.o(.text.UART_WaitOnFlagUntilTimeout)
    [Anonymous Symbol]                       0x08004d88   Section        0  stm32f1xx_hal_uart.o(.text.UART_WaitOnFlagUntilTimeout)
    [Anonymous Symbol]                       0x08004e64   Section        0  stm32f1xx_it.o(.text.UsageFault_Handler)
    __NVIC_GetPriorityGrouping               0x08004e69   Thumb Code    16  stm32f1xx_hal_cortex.o(.text.__NVIC_GetPriorityGrouping)
    [Anonymous Symbol]                       0x08004e68   Section        0  stm32f1xx_hal_cortex.o(.text.__NVIC_GetPriorityGrouping)
    __NVIC_SetPriority                       0x08004e79   Thumb Code    66  stm32f1xx_hal_cortex.o(.text.__NVIC_SetPriority)
    [Anonymous Symbol]                       0x08004e78   Section        0  stm32f1xx_hal_cortex.o(.text.__NVIC_SetPriority)
    __NVIC_SetPriorityGrouping               0x08004ebd   Thumb Code    60  stm32f1xx_hal_cortex.o(.text.__NVIC_SetPriorityGrouping)
    [Anonymous Symbol]                       0x08004ebc   Section        0  stm32f1xx_hal_cortex.o(.text.__NVIC_SetPriorityGrouping)
    [Anonymous Symbol]                       0x08004ef8   Section        0  keyscan.o(.text.keyScan)
    [Anonymous Symbol]                       0x08004fd0   Section        0  main.o(.text.main)
    [Anonymous Symbol]                       0x08005104   Section        0  main.o(.text.oledShowAll)
    [Anonymous Symbol]                       0x080052e0   Section        0  main.o(.text.tempWarning)
    CL$$btod_d2e                             0x08005524   Section       62  btod.o(CL$$btod_d2e)
    CL$$btod_d2e_denorm_low                  0x08005562   Section       70  btod.o(CL$$btod_d2e_denorm_low)
    CL$$btod_d2e_norm_op1                    0x080055a8   Section       96  btod.o(CL$$btod_d2e_norm_op1)
    CL$$btod_div_common                      0x08005608   Section      824  btod.o(CL$$btod_div_common)
    CL$$btod_e2e                             0x08005940   Section      220  btod.o(CL$$btod_e2e)
    CL$$btod_ediv                            0x08005a1c   Section       42  btod.o(CL$$btod_ediv)
    CL$$btod_emul                            0x08005a46   Section       42  btod.o(CL$$btod_emul)
    CL$$btod_mult_common                     0x08005a70   Section      580  btod.o(CL$$btod_mult_common)
    i.__ARM_fpclassify                       0x08005cb4   Section        0  fpclassify.o(i.__ARM_fpclassify)
    i._is_digit                              0x08005cdc   Section        0  __printf_wp.o(i._is_digit)
    locale$$code                             0x08005cec   Section       44  lc_numeric_c.o(locale$$code)
    locale$$code                             0x08005d18   Section       44  lc_ctype_c.o(locale$$code)
    x$fpl$d2f                                0x08005d44   Section       98  d2f.o(x$fpl$d2f)
    x$fpl$ddiv                               0x08005da8   Section      692  ddiv.o(x$fpl$ddiv)
    ddiv_entry                               0x08005daf   Thumb Code     0  ddiv.o(x$fpl$ddiv)
    x$fpl$dflt                               0x0800605c   Section       46  dflt_clz.o(x$fpl$dflt)
    x$fpl$dnaninf                            0x0800608a   Section      156  dnaninf.o(x$fpl$dnaninf)
    x$fpl$dretinf                            0x08006126   Section       12  dretinf.o(x$fpl$dretinf)
    x$fpl$f2d                                0x08006134   Section       86  f2d.o(x$fpl$f2d)
    x$fpl$fcmp                               0x0800618a   Section       84  fcmp.o(x$fpl$fcmp)
    x$fpl$fcmpinf                            0x080061de   Section       24  fcmpi.o(x$fpl$fcmpinf)
    x$fpl$feqf                               0x080061f8   Section      104  feqf.o(x$fpl$feqf)
    x$fpl$fflt                               0x08006260   Section       48  fflt_clz.o(x$fpl$fflt)
    x$fpl$fgeqf                              0x08006290   Section      104  fgeqf.o(x$fpl$fgeqf)
    x$fpl$fleqf                              0x080062f8   Section      104  fleqf.o(x$fpl$fleqf)
    x$fpl$fnaninf                            0x08006360   Section      140  fnaninf.o(x$fpl$fnaninf)
    x$fpl$fretinf                            0x080063ec   Section       10  fretinf.o(x$fpl$fretinf)
    x$fpl$printf1                            0x080063f6   Section        4  printf1.o(x$fpl$printf1)
    x$fpl$printf2                            0x080063fa   Section        4  printf2.o(x$fpl$printf2)
    x$fpl$usenofp                            0x080063fe   Section        0  usenofp.o(x$fpl$usenofp)
    initial_mbstate                          0x08006400   Data           8  _printf_wctomb.o(.constdata)
    .constdata                               0x08006400   Section        8  _printf_wctomb.o(.constdata)
    uc_hextab                                0x08006408   Data          20  _printf_hex_int_ll_ptr.o(.constdata)
    .constdata                               0x08006408   Section       40  _printf_hex_int_ll_ptr.o(.constdata)
    lc_hextab                                0x0800641c   Data          20  _printf_hex_int_ll_ptr.o(.constdata)
    maptable                                 0x08006430   Data          17  __printf_flags_ss_wp.o(.constdata)
    .constdata                               0x08006430   Section       17  __printf_flags_ss_wp.o(.constdata)
    lc_hextab                                0x08006441   Data          19  _printf_fp_hex.o(.constdata)
    .constdata                               0x08006441   Section       38  _printf_fp_hex.o(.constdata)
    uc_hextab                                0x08006454   Data          19  _printf_fp_hex.o(.constdata)
    tenpwrs_x                                0x08006468   Data          60  bigflt0.o(.constdata)
    .constdata                               0x08006468   Section      148  bigflt0.o(.constdata)
    tenpwrs_i                                0x080064a4   Data          64  bigflt0.o(.constdata)
    HAL_RCC_GetSysClockFreq.aPLLMULFactorTable 0x08006514   Data          16  stm32f1xx_hal_rcc.o(.rodata.HAL_RCC_GetSysClockFreq.aPLLMULFactorTable)
    [Anonymous Symbol]                       0x08006514   Section        0  stm32f1xx_hal_rcc.o(.rodata.HAL_RCC_GetSysClockFreq.aPLLMULFactorTable)
    HAL_RCC_GetSysClockFreq.aPredivFactorTable 0x08006524   Data           2  stm32f1xx_hal_rcc.o(.rodata.HAL_RCC_GetSysClockFreq.aPredivFactorTable)
    [Anonymous Symbol]                       0x08006524   Section        0  stm32f1xx_hal_rcc.o(.rodata.HAL_RCC_GetSysClockFreq.aPredivFactorTable)
    .L.str.16                                0x08007f0e   Data           5  main.o(.rodata.str1.1)
    [Anonymous Symbol]                       0x08007f0e   Section        0  main.o(.rodata.str1.1)
    .L.str.3                                 0x08007f13   Data          11  main.o(.rodata.str1.1)
    .L.str.1                                 0x08007f1b   Data           3  main.o(.rodata.str1.1)
    .L.str.10                                0x08007f1e   Data           4  main.o(.rodata.str1.1)
    .L.str.6                                 0x08007f22   Data           6  main.o(.rodata.str1.1)
    .L.str.9                                 0x08007f28   Data           8  main.o(.rodata.str1.1)
    .L.str.15                                0x08007f30   Data          11  main.o(.rodata.str1.1)
    .L.str.13                                0x08007f3b   Data           9  main.o(.rodata.str1.1)
    .L.str.14                                0x08007f44   Data          35  main.o(.rodata.str1.1)
    .L.str.17                                0x08007f67   Data          32  main.o(.rodata.str1.1)
    .L.str.12                                0x08007f87   Data           9  main.o(.rodata.str1.1)
    .L.str                                   0x08007f90   Data          12  main.o(.rodata.str1.1)
    .L.str.2                                 0x08007f9c   Data          11  main.o(.rodata.str1.1)
    .L.str.5                                 0x08007fa7   Data           3  main.o(.rodata.str1.1)
    .L.str.4                                 0x08007faa   Data           5  main.o(.rodata.str1.1)
    .L.str.7                                 0x08007faf   Data           8  main.o(.rodata.str1.1)
    .L.str.8                                 0x08007fb7   Data           8  main.o(.rodata.str1.1)
    .L.str.11                                0x08007fbf   Data           4  main.o(.rodata.str1.1)
    locale$$data                             0x08007fe4   Section       28  lc_numeric_c.o(locale$$data)
    __lcnum_c_name                           0x08007fe8   Data           2  lc_numeric_c.o(locale$$data)
    __lcnum_c_start                          0x08007ff0   Data           0  lc_numeric_c.o(locale$$data)
    __lcnum_c_point                          0x08007ffc   Data           0  lc_numeric_c.o(locale$$data)
    __lcnum_c_thousands                      0x08007ffe   Data           0  lc_numeric_c.o(locale$$data)
    __lcnum_c_grouping                       0x08007fff   Data           0  lc_numeric_c.o(locale$$data)
    __lcnum_c_end                            0x08008000   Data           0  lc_numeric_c.o(locale$$data)
    locale$$data                             0x08008000   Section      272  lc_ctype_c.o(locale$$data)
    __lcctype_c_name                         0x08008004   Data           2  lc_ctype_c.o(locale$$data)
    __lcctype_c_start                        0x0800800c   Data           0  lc_ctype_c.o(locale$$data)
    __lcctype_c_end                          0x08008110   Data           0  lc_ctype_c.o(locale$$data)
    .bss                                     0x20000018   Section       96  libspace.o(.bss)
    Heap_Mem                                 0x20000630   Data         512  startup_stm32f103xb.o(HEAP)
    HEAP                                     0x20000630   Section      512  startup_stm32f103xb.o(HEAP)
    Stack_Mem                                0x20000830   Data        1024  startup_stm32f103xb.o(STACK)
    STACK                                    0x20000830   Section     1024  startup_stm32f103xb.o(STACK)
    __initial_sp                             0x20000c30   Data           0  startup_stm32f103xb.o(STACK)

    Global Symbols

    Symbol Name                              Value     Ov Type        Size  Object(Section)

    BuildAttributes$$THM_ISAv4$P$D$K$B$S$PE$A:L22UL41UL21$X:L11$S22US41US21$IEEE1$IW$~IW$USESV6$~STKCKD$USESV7$~SHL$OTIME$ROPI$IEEEJ$EBA8$UX$STANDARDLIB$REQ8$PRES8$EABIv2 0x00000000   Number         0  anon$$obj.o ABSOLUTE
    __fp_init_empty                          0x00000000   Number         0  fpinit_empty.o ABSOLUTE
    _printf_flags                            0x00000000   Number         0  printf_stubs.o ABSOLUTE
    _printf_return_value                     0x00000000   Number         0  printf_stubs.o ABSOLUTE
    _printf_sizespec                         0x00000000   Number         0  printf_stubs.o ABSOLUTE
    _printf_widthprec                        0x00000000   Number         0  printf_stubs.o ABSOLUTE
    __ARM_exceptions_init                     - Undefined Weak Reference
    __alloca_initialize                       - Undefined Weak Reference
    __arm_preinit_                            - Undefined Weak Reference
    __arm_relocate_pie_                       - Undefined Weak Reference
    __cpp_initialize__aeabi_                  - Undefined Weak Reference
    __cxa_finalize                            - Undefined Weak Reference
    __sigvec_lookup                           - Undefined Weak Reference
    _atexit_init                              - Undefined Weak Reference
    _call_atexit_fns                          - Undefined Weak Reference
    _clock_init                               - Undefined Weak Reference
    _fp_trap_init                             - Undefined Weak Reference
    _fp_trap_shutdown                         - Undefined Weak Reference
    _get_lc_collate                           - Undefined Weak Reference
    _get_lc_monetary                          - Undefined Weak Reference
    _get_lc_time                              - Undefined Weak Reference
    _getenv_init                              - Undefined Weak Reference
    _handle_redirection                       - Undefined Weak Reference
    _init_alloc                               - Undefined Weak Reference
    _init_user_alloc                          - Undefined Weak Reference
    _initio                                   - Undefined Weak Reference
    _printf_mbtowc                            - Undefined Weak Reference
    _printf_wc                                - Undefined Weak Reference
    _rand_init                                - Undefined Weak Reference
    _signal_finish                            - Undefined Weak Reference
    _signal_init                              - Undefined Weak Reference
    _terminate_alloc                          - Undefined Weak Reference
    _terminate_user_alloc                     - Undefined Weak Reference
    _terminateio                              - Undefined Weak Reference
    __Vectors_Size                           0x000000ec   Number         0  startup_stm32f103xb.o ABSOLUTE
    __Vectors                                0x08000000   Data           4  startup_stm32f103xb.o(RESET)
    __Vectors_End                            0x080000ec   Data           0  startup_stm32f103xb.o(RESET)
    __main                                   0x080000ed   Thumb Code     8  __main.o(!!!main)
    __scatterload                            0x080000f5   Thumb Code     0  __scatter.o(!!!scatter)
    __scatterload_rt2                        0x080000f5   Thumb Code    84  __scatter.o(!!!scatter)
    __scatterload_rt2_thumb_only             0x080000f5   Thumb Code     0  __scatter.o(!!!scatter)
    __scatterload_loop                       0x080000ff   Thumb Code     0  __scatter.o(!!!scatter)
    __scatterload_copy                       0x08000151   Thumb Code    26  __scatter_copy.o(!!handler_copy)
    __scatterload_null                       0x0800016d   Thumb Code     2  __scatter.o(!!handler_null)
    __scatterload_zeroinit                   0x08000171   Thumb Code    28  __scatter_zi.o(!!handler_zi)
    _printf_n                                0x0800018d   Thumb Code     0  _printf_n.o(.ARM.Collect$$_printf_percent$$00000001)
    _printf_percent                          0x0800018d   Thumb Code     0  _printf_percent.o(.ARM.Collect$$_printf_percent$$00000000)
    _printf_p                                0x08000193   Thumb Code     0  _printf_p.o(.ARM.Collect$$_printf_percent$$00000002)
    _printf_f                                0x08000199   Thumb Code     0  _printf_f.o(.ARM.Collect$$_printf_percent$$00000003)
    _printf_e                                0x0800019f   Thumb Code     0  _printf_e.o(.ARM.Collect$$_printf_percent$$00000004)
    _printf_g                                0x080001a5   Thumb Code     0  _printf_g.o(.ARM.Collect$$_printf_percent$$00000005)
    _printf_a                                0x080001ab   Thumb Code     0  _printf_a.o(.ARM.Collect$$_printf_percent$$00000006)
    _printf_ll                               0x080001b1   Thumb Code     0  _printf_ll.o(.ARM.Collect$$_printf_percent$$00000007)
    _printf_i                                0x080001bb   Thumb Code     0  _printf_i.o(.ARM.Collect$$_printf_percent$$00000008)
    _printf_d                                0x080001c1   Thumb Code     0  _printf_d.o(.ARM.Collect$$_printf_percent$$00000009)
    _printf_u                                0x080001c7   Thumb Code     0  _printf_u.o(.ARM.Collect$$_printf_percent$$0000000A)
    _printf_o                                0x080001cd   Thumb Code     0  _printf_o.o(.ARM.Collect$$_printf_percent$$0000000B)
    _printf_x                                0x080001d3   Thumb Code     0  _printf_x.o(.ARM.Collect$$_printf_percent$$0000000C)
    _printf_lli                              0x080001d9   Thumb Code     0  _printf_lli.o(.ARM.Collect$$_printf_percent$$0000000D)
    _printf_lld                              0x080001df   Thumb Code     0  _printf_lld.o(.ARM.Collect$$_printf_percent$$0000000E)
    _printf_llu                              0x080001e5   Thumb Code     0  _printf_llu.o(.ARM.Collect$$_printf_percent$$0000000F)
    _printf_llo                              0x080001eb   Thumb Code     0  _printf_llo.o(.ARM.Collect$$_printf_percent$$00000010)
    _printf_llx                              0x080001f1   Thumb Code     0  _printf_llx.o(.ARM.Collect$$_printf_percent$$00000011)
    _printf_l                                0x080001f7   Thumb Code     0  _printf_l.o(.ARM.Collect$$_printf_percent$$00000012)
    _printf_c                                0x08000201   Thumb Code     0  _printf_c.o(.ARM.Collect$$_printf_percent$$00000013)
    _printf_s                                0x08000207   Thumb Code     0  _printf_s.o(.ARM.Collect$$_printf_percent$$00000014)
    _printf_lc                               0x0800020d   Thumb Code     0  _printf_lc.o(.ARM.Collect$$_printf_percent$$00000015)
    _printf_ls                               0x08000213   Thumb Code     0  _printf_ls.o(.ARM.Collect$$_printf_percent$$00000016)
    _printf_percent_end                      0x08000219   Thumb Code     0  _printf_percent_end.o(.ARM.Collect$$_printf_percent$$00000017)
    __rt_lib_init                            0x0800021d   Thumb Code     0  libinit.o(.ARM.Collect$$libinit$$00000000)
    __rt_lib_init_fp_1                       0x0800021f   Thumb Code     0  libinit2.o(.ARM.Collect$$libinit$$00000002)
    __rt_lib_init_heap_1                     0x0800021f   Thumb Code     0  libinit2.o(.ARM.Collect$$libinit$$0000000C)
    __rt_lib_init_lc_common                  0x0800021f   Thumb Code     0  libinit2.o(.ARM.Collect$$libinit$$00000011)
    __rt_lib_init_preinit_1                  0x0800021f   Thumb Code     0  libinit2.o(.ARM.Collect$$libinit$$00000006)
    __rt_lib_init_rand_1                     0x0800021f   Thumb Code     0  libinit2.o(.ARM.Collect$$libinit$$00000010)
    __rt_lib_init_relocate_pie_1             0x0800021f   Thumb Code     0  libinit2.o(.ARM.Collect$$libinit$$00000004)
    __rt_lib_init_user_alloc_1               0x0800021f   Thumb Code     0  libinit2.o(.ARM.Collect$$libinit$$0000000E)
    __rt_lib_init_lc_collate_1               0x08000225   Thumb Code     0  libinit2.o(.ARM.Collect$$libinit$$00000013)
    __rt_lib_init_lc_ctype_2                 0x08000225   Thumb Code     0  libinit2.o(.ARM.Collect$$libinit$$00000014)
    __rt_lib_init_lc_ctype_1                 0x08000231   Thumb Code     0  libinit2.o(.ARM.Collect$$libinit$$00000015)
    __rt_lib_init_lc_monetary_1              0x08000231   Thumb Code     0  libinit2.o(.ARM.Collect$$libinit$$00000017)
    __rt_lib_init_lc_numeric_2               0x08000231   Thumb Code     0  libinit2.o(.ARM.Collect$$libinit$$00000018)
    __rt_lib_init_alloca_1                   0x0800023b   Thumb Code     0  libinit2.o(.ARM.Collect$$libinit$$00000030)
    __rt_lib_init_argv_1                     0x0800023b   Thumb Code     0  libinit2.o(.ARM.Collect$$libinit$$0000002E)
    __rt_lib_init_atexit_1                   0x0800023b   Thumb Code     0  libinit2.o(.ARM.Collect$$libinit$$0000001D)
    __rt_lib_init_clock_1                    0x0800023b   Thumb Code     0  libinit2.o(.ARM.Collect$$libinit$$00000023)
    __rt_lib_init_cpp_1                      0x0800023b   Thumb Code     0  libinit2.o(.ARM.Collect$$libinit$$00000034)
    __rt_lib_init_exceptions_1               0x0800023b   Thumb Code     0  libinit2.o(.ARM.Collect$$libinit$$00000032)
    __rt_lib_init_fp_trap_1                  0x0800023b   Thumb Code     0  libinit2.o(.ARM.Collect$$libinit$$00000021)
    __rt_lib_init_getenv_1                   0x0800023b   Thumb Code     0  libinit2.o(.ARM.Collect$$libinit$$00000025)
    __rt_lib_init_lc_numeric_1               0x0800023b   Thumb Code     0  libinit2.o(.ARM.Collect$$libinit$$00000019)
    __rt_lib_init_lc_time_1                  0x0800023b   Thumb Code     0  libinit2.o(.ARM.Collect$$libinit$$0000001B)
    __rt_lib_init_return                     0x0800023b   Thumb Code     0  libinit2.o(.ARM.Collect$$libinit$$00000035)
    __rt_lib_init_signal_1                   0x0800023b   Thumb Code     0  libinit2.o(.ARM.Collect$$libinit$$0000001F)
    __rt_lib_init_stdio_1                    0x0800023b   Thumb Code     0  libinit2.o(.ARM.Collect$$libinit$$00000027)
    __rt_lib_shutdown                        0x0800023d   Thumb Code     0  libshutdown.o(.ARM.Collect$$libshutdown$$00000000)
    __rt_lib_shutdown_cpp_1                  0x0800023f   Thumb Code     0  libshutdown2.o(.ARM.Collect$$libshutdown$$00000002)
    __rt_lib_shutdown_fp_trap_1              0x0800023f   Thumb Code     0  libshutdown2.o(.ARM.Collect$$libshutdown$$00000007)
    __rt_lib_shutdown_heap_1                 0x0800023f   Thumb Code     0  libshutdown2.o(.ARM.Collect$$libshutdown$$0000000F)
    __rt_lib_shutdown_return                 0x0800023f   Thumb Code     0  libshutdown2.o(.ARM.Collect$$libshutdown$$00000010)
    __rt_lib_shutdown_signal_1               0x0800023f   Thumb Code     0  libshutdown2.o(.ARM.Collect$$libshutdown$$0000000A)
    __rt_lib_shutdown_stdio_1                0x0800023f   Thumb Code     0  libshutdown2.o(.ARM.Collect$$libshutdown$$00000004)
    __rt_lib_shutdown_user_alloc_1           0x0800023f   Thumb Code     0  libshutdown2.o(.ARM.Collect$$libshutdown$$0000000C)
    __rt_entry                               0x08000241   Thumb Code     0  __rtentry.o(.ARM.Collect$$rtentry$$00000000)
    __rt_entry_presh_1                       0x08000241   Thumb Code     0  __rtentry2.o(.ARM.Collect$$rtentry$$00000002)
    __rt_entry_sh                            0x08000241   Thumb Code     0  __rtentry4.o(.ARM.Collect$$rtentry$$00000004)
    __rt_entry_li                            0x08000247   Thumb Code     0  __rtentry2.o(.ARM.Collect$$rtentry$$0000000A)
    __rt_entry_postsh_1                      0x08000247   Thumb Code     0  __rtentry2.o(.ARM.Collect$$rtentry$$00000009)
    __rt_entry_main                          0x0800024b   Thumb Code     0  __rtentry2.o(.ARM.Collect$$rtentry$$0000000D)
    __rt_entry_postli_1                      0x0800024b   Thumb Code     0  __rtentry2.o(.ARM.Collect$$rtentry$$0000000C)
    __rt_exit                                0x08000253   Thumb Code     0  rtexit.o(.ARM.Collect$$rtexit$$00000000)
    __rt_exit_ls                             0x08000255   Thumb Code     0  rtexit2.o(.ARM.Collect$$rtexit$$00000003)
    __rt_exit_prels_1                        0x08000255   Thumb Code     0  rtexit2.o(.ARM.Collect$$rtexit$$00000002)
    __rt_exit_exit                           0x08000259   Thumb Code     0  rtexit2.o(.ARM.Collect$$rtexit$$00000004)
    Reset_Handler                            0x08000261   Thumb Code     8  startup_stm32f103xb.o(.text)
    ADC1_2_IRQHandler                        0x0800027b   Thumb Code     0  startup_stm32f103xb.o(.text)
    CAN1_RX1_IRQHandler                      0x0800027b   Thumb Code     0  startup_stm32f103xb.o(.text)
    CAN1_SCE_IRQHandler                      0x0800027b   Thumb Code     0  startup_stm32f103xb.o(.text)
    DMA1_Channel1_IRQHandler                 0x0800027b   Thumb Code     0  startup_stm32f103xb.o(.text)
    DMA1_Channel2_IRQHandler                 0x0800027b   Thumb Code     0  startup_stm32f103xb.o(.text)
    DMA1_Channel3_IRQHandler                 0x0800027b   Thumb Code     0  startup_stm32f103xb.o(.text)
    DMA1_Channel4_IRQHandler                 0x0800027b   Thumb Code     0  startup_stm32f103xb.o(.text)
    DMA1_Channel5_IRQHandler                 0x0800027b   Thumb Code     0  startup_stm32f103xb.o(.text)
    DMA1_Channel6_IRQHandler                 0x0800027b   Thumb Code     0  startup_stm32f103xb.o(.text)
    DMA1_Channel7_IRQHandler                 0x0800027b   Thumb Code     0  startup_stm32f103xb.o(.text)
    EXTI0_IRQHandler                         0x0800027b   Thumb Code     0  startup_stm32f103xb.o(.text)
    EXTI15_10_IRQHandler                     0x0800027b   Thumb Code     0  startup_stm32f103xb.o(.text)
    EXTI1_IRQHandler                         0x0800027b   Thumb Code     0  startup_stm32f103xb.o(.text)
    EXTI2_IRQHandler                         0x0800027b   Thumb Code     0  startup_stm32f103xb.o(.text)
    EXTI3_IRQHandler                         0x0800027b   Thumb Code     0  startup_stm32f103xb.o(.text)
    EXTI4_IRQHandler                         0x0800027b   Thumb Code     0  startup_stm32f103xb.o(.text)
    EXTI9_5_IRQHandler                       0x0800027b   Thumb Code     0  startup_stm32f103xb.o(.text)
    FLASH_IRQHandler                         0x0800027b   Thumb Code     0  startup_stm32f103xb.o(.text)
    I2C1_ER_IRQHandler                       0x0800027b   Thumb Code     0  startup_stm32f103xb.o(.text)
    I2C1_EV_IRQHandler                       0x0800027b   Thumb Code     0  startup_stm32f103xb.o(.text)
    I2C2_ER_IRQHandler                       0x0800027b   Thumb Code     0  startup_stm32f103xb.o(.text)
    I2C2_EV_IRQHandler                       0x0800027b   Thumb Code     0  startup_stm32f103xb.o(.text)
    PVD_IRQHandler                           0x0800027b   Thumb Code     0  startup_stm32f103xb.o(.text)
    RCC_IRQHandler                           0x0800027b   Thumb Code     0  startup_stm32f103xb.o(.text)
    RTC_Alarm_IRQHandler                     0x0800027b   Thumb Code     0  startup_stm32f103xb.o(.text)
    RTC_IRQHandler                           0x0800027b   Thumb Code     0  startup_stm32f103xb.o(.text)
    SPI1_IRQHandler                          0x0800027b   Thumb Code     0  startup_stm32f103xb.o(.text)
    SPI2_IRQHandler                          0x0800027b   Thumb Code     0  startup_stm32f103xb.o(.text)
    TAMPER_IRQHandler                        0x0800027b   Thumb Code     0  startup_stm32f103xb.o(.text)
    TIM1_BRK_IRQHandler                      0x0800027b   Thumb Code     0  startup_stm32f103xb.o(.text)
    TIM1_CC_IRQHandler                       0x0800027b   Thumb Code     0  startup_stm32f103xb.o(.text)
    TIM1_TRG_COM_IRQHandler                  0x0800027b   Thumb Code     0  startup_stm32f103xb.o(.text)
    TIM1_UP_IRQHandler                       0x0800027b   Thumb Code     0  startup_stm32f103xb.o(.text)
    TIM2_IRQHandler                          0x0800027b   Thumb Code     0  startup_stm32f103xb.o(.text)
    TIM3_IRQHandler                          0x0800027b   Thumb Code     0  startup_stm32f103xb.o(.text)
    TIM4_IRQHandler                          0x0800027b   Thumb Code     0  startup_stm32f103xb.o(.text)
    USART1_IRQHandler                        0x0800027b   Thumb Code     0  startup_stm32f103xb.o(.text)
    USART2_IRQHandler                        0x0800027b   Thumb Code     0  startup_stm32f103xb.o(.text)
    USART3_IRQHandler                        0x0800027b   Thumb Code     0  startup_stm32f103xb.o(.text)
    USBWakeUp_IRQHandler                     0x0800027b   Thumb Code     0  startup_stm32f103xb.o(.text)
    USB_HP_CAN1_TX_IRQHandler                0x0800027b   Thumb Code     0  startup_stm32f103xb.o(.text)
    USB_LP_CAN1_RX0_IRQHandler               0x0800027b   Thumb Code     0  startup_stm32f103xb.o(.text)
    WWDG_IRQHandler                          0x0800027b   Thumb Code     0  startup_stm32f103xb.o(.text)
    __user_initial_stackheap                 0x0800027d   Thumb Code     0  startup_stm32f103xb.o(.text)
    snprintf                                 0x080002a1   Thumb Code    58  snprintf.o(.text)
    strlen                                   0x080002e1   Thumb Code    62  strlen.o(.text)
    __aeabi_memcpy                           0x0800031f   Thumb Code     0  rt_memcpy_v6.o(.text)
    __rt_memcpy                              0x0800031f   Thumb Code   138  rt_memcpy_v6.o(.text)
    _memcpy_lastbytes                        0x08000385   Thumb Code     0  rt_memcpy_v6.o(.text)
    __aeabi_memclr4                          0x080003a9   Thumb Code     0  rt_memclr_w.o(.text)
    __aeabi_memclr8                          0x080003a9   Thumb Code     0  rt_memclr_w.o(.text)
    __rt_memclr_w                            0x080003a9   Thumb Code     0  rt_memclr_w.o(.text)
    _memset_w                                0x080003ad   Thumb Code    74  rt_memclr_w.o(.text)
    __use_two_region_memory                  0x080003f7   Thumb Code     2  heapauxi.o(.text)
    __rt_heap_escrow$2region                 0x080003f9   Thumb Code     2  heapauxi.o(.text)
    __rt_heap_expand$2region                 0x080003fb   Thumb Code     2  heapauxi.o(.text)
    _printf_pre_padding                      0x080003fd   Thumb Code    44  _printf_pad.o(.text)
    _printf_post_padding                     0x08000429   Thumb Code    34  _printf_pad.o(.text)
    _printf_truncate_signed                  0x0800044b   Thumb Code    18  _printf_truncate.o(.text)
    _printf_truncate_unsigned                0x0800045d   Thumb Code    18  _printf_truncate.o(.text)
    _printf_str                              0x0800046f   Thumb Code    82  _printf_str.o(.text)
    _printf_int_dec                          0x080004c1   Thumb Code   104  _printf_dec.o(.text)
    _printf_charcount                        0x08000539   Thumb Code    40  _printf_charcount.o(.text)
    _printf_char_common                      0x0800056b   Thumb Code    32  _printf_char_common.o(.text)
    _snputc                                  0x08000591   Thumb Code    16  _snputc.o(.text)
    _printf_wctomb                           0x080005a1   Thumb Code   182  _printf_wctomb.o(.text)
    _printf_longlong_dec                     0x0800065d   Thumb Code   108  _printf_longlong_dec.o(.text)
    _printf_longlong_oct                     0x080006d9   Thumb Code    68  _printf_oct_int_ll.o(.text)
    _printf_int_oct                          0x0800071d   Thumb Code    24  _printf_oct_int_ll.o(.text)
    _printf_ll_oct                           0x08000735   Thumb Code    12  _printf_oct_int_ll.o(.text)
    _printf_longlong_hex                     0x08000749   Thumb Code    86  _printf_hex_int_ll_ptr.o(.text)
    _printf_int_hex                          0x0800079f   Thumb Code    28  _printf_hex_int_ll_ptr.o(.text)
    _printf_ll_hex                           0x080007bb   Thumb Code    12  _printf_hex_int_ll_ptr.o(.text)
    _printf_hex_ptr                          0x080007c7   Thumb Code    18  _printf_hex_int_ll_ptr.o(.text)
    __printf                                 0x080007dd   Thumb Code   388  __printf_flags_ss_wp.o(.text)
    __aeabi_memcpy4                          0x08000965   Thumb Code     0  rt_memcpy_w.o(.text)
    __aeabi_memcpy8                          0x08000965   Thumb Code     0  rt_memcpy_w.o(.text)
    __rt_memcpy_w                            0x08000965   Thumb Code   100  rt_memcpy_w.o(.text)
    _memcpy_lastbytes_aligned                0x080009ad   Thumb Code     0  rt_memcpy_w.o(.text)
    _ll_udiv10                               0x080009c9   Thumb Code   138  lludiv10.o(.text)
    _printf_int_common                       0x08000a53   Thumb Code   178  _printf_intcommon.o(.text)
    _printf_fp_dec_real                      0x08000cb5   Thumb Code   620  _printf_fp_dec.o(.text)
    _printf_fp_hex_real                      0x08000f21   Thumb Code   756  _printf_fp_hex.o(.text)
    _printf_cs_common                        0x0800121d   Thumb Code    20  _printf_char.o(.text)
    _printf_char                             0x08001231   Thumb Code    16  _printf_char.o(.text)
    _printf_string                           0x08001241   Thumb Code     8  _printf_char.o(.text)
    _printf_lcs_common                       0x08001249   Thumb Code    20  _printf_wchar.o(.text)
    _printf_wchar                            0x0800125d   Thumb Code    16  _printf_wchar.o(.text)
    _printf_wstring                          0x0800126d   Thumb Code     8  _printf_wchar.o(.text)
    _c16rtomb                                0x08001275   Thumb Code    72  _c16rtomb.o(.text)
    _wcrtomb                                 0x08001275   Thumb Code     0  _c16rtomb.o(.text)
    __user_setup_stackheap                   0x080012bd   Thumb Code    74  sys_stackheap_outer.o(.text)
    __rt_ctype_table                         0x08001309   Thumb Code    16  rt_ctype_table.o(.text)
    __rt_locale                              0x08001319   Thumb Code     8  rt_locale_intlibspace.o(.text)
    _printf_fp_infnan                        0x08001321   Thumb Code   112  _printf_fp_infnan.o(.text)
    _btod_etento                             0x080013a1   Thumb Code   224  bigflt0.o(.text)
    exit                                     0x08001485   Thumb Code    18  exit.o(.text)
    __user_libspace                          0x08001499   Thumb Code     8  libspace.o(.text)
    __user_perproc_libspace                  0x08001499   Thumb Code     0  libspace.o(.text)
    __user_perthread_libspace                0x08001499   Thumb Code     0  libspace.o(.text)
    strcmp                                   0x080014a1   Thumb Code   128  strcmpv7m.o(.text)
    _sys_exit                                0x08001521   Thumb Code     8  sys_exit.o(.text)
    __I$use$semihosting                      0x0800152d   Thumb Code     0  use_no_semi.o(.text)
    __use_no_semihosting_swi                 0x0800152d   Thumb Code     2  use_no_semi.o(.text)
    __semihosting_library_function           0x0800152f   Thumb Code     0  indicate_semi.o(.text)
    BME280_compensate_T_int32                0x08001531   Thumb Code    88  convertors.o(.text.BME280_compensate_T_int32)
    BMP280_GetCalibrationData                0x08001589   Thumb Code    94  bmp280.o(.text.BMP280_GetCalibrationData)
    BMP280_GetTemperature                    0x080015e9   Thumb Code    50  bmp280.o(.text.BMP280_GetTemperature)
    BMP280_IO_I2C                            0x0800161d   Thumb Code    20  bmp280_i2c.o(.text.BMP280_IO_I2C)
    BMP280_Init                              0x08001631   Thumb Code    40  bmp280.o(.text.BMP280_Init)
    BMP280_InitALL                           0x08001659   Thumb Code    70  bmp280.o(.text.BMP280_InitALL)
    BMP280_SetConfig                         0x080016a1   Thumb Code    96  bmp280.o(.text.BMP280_SetConfig)
    BMP280_read                              0x08001701   Thumb Code    62  bmp280_i2c.o(.text.BMP280_read)
    BMP280_write                             0x08001741   Thumb Code    62  bmp280_i2c.o(.text.BMP280_write)
    BusFault_Handler                         0x08001781   Thumb Code     4  stm32f1xx_it.o(.text.BusFault_Handler)
    DebugMon_Handler                         0x08001785   Thumb Code     2  stm32f1xx_it.o(.text.DebugMon_Handler)
    Error_Handler                            0x08001789   Thumb Code    14  main.o(.text.Error_Handler)
    HAL_Delay                                0x08001799   Thumb Code    66  stm32f1xx_hal.o(.text.HAL_Delay)
    HAL_GPIO_Init                            0x080017dd   Thumb Code   798  stm32f1xx_hal_gpio.o(.text.HAL_GPIO_Init)
    HAL_GPIO_ReadPin                         0x08001afd   Thumb Code    46  stm32f1xx_hal_gpio.o(.text.HAL_GPIO_ReadPin)
    HAL_GPIO_TogglePin                       0x08001b2d   Thumb Code    38  stm32f1xx_hal_gpio.o(.text.HAL_GPIO_TogglePin)
    HAL_GPIO_WritePin                        0x08001b55   Thumb Code    46  stm32f1xx_hal_gpio.o(.text.HAL_GPIO_WritePin)
    HAL_GetTick                              0x08001b85   Thumb Code    12  stm32f1xx_hal.o(.text.HAL_GetTick)
    HAL_I2C_Init                             0x08001b91   Thumb Code   676  stm32f1xx_hal_i2c.o(.text.HAL_I2C_Init)
    HAL_I2C_Mem_Read                         0x08001e35   Thumb Code  1246  stm32f1xx_hal_i2c.o(.text.HAL_I2C_Mem_Read)
    HAL_I2C_Mem_Write                        0x08002315   Thumb Code   528  stm32f1xx_hal_i2c.o(.text.HAL_I2C_Mem_Write)
    HAL_I2C_MspInit                          0x08002525   Thumb Code   126  i2c.o(.text.HAL_I2C_MspInit)
    HAL_IncTick                              0x080025a5   Thumb Code    26  stm32f1xx_hal.o(.text.HAL_IncTick)
    HAL_Init                                 0x080025c1   Thumb Code    38  stm32f1xx_hal.o(.text.HAL_Init)
    HAL_InitTick                             0x080025e9   Thumb Code   112  stm32f1xx_hal.o(.text.HAL_InitTick)
    HAL_MspInit                              0x08002659   Thumb Code   100  stm32f1xx_hal_msp.o(.text.HAL_MspInit)
    HAL_NVIC_SetPriority                     0x080026bd   Thumb Code    50  stm32f1xx_hal_cortex.o(.text.HAL_NVIC_SetPriority)
    HAL_NVIC_SetPriorityGrouping             0x080026f1   Thumb Code    16  stm32f1xx_hal_cortex.o(.text.HAL_NVIC_SetPriorityGrouping)
    HAL_RCC_ClockConfig                      0x08002701   Thumb Code   598  stm32f1xx_hal_rcc.o(.text.HAL_RCC_ClockConfig)
    HAL_RCC_GetHCLKFreq                      0x08002959   Thumb Code    12  stm32f1xx_hal_rcc.o(.text.HAL_RCC_GetHCLKFreq)
    HAL_RCC_GetPCLK1Freq                     0x08002965   Thumb Code    34  stm32f1xx_hal_rcc.o(.text.HAL_RCC_GetPCLK1Freq)
    HAL_RCC_GetPCLK2Freq                     0x08002989   Thumb Code    34  stm32f1xx_hal_rcc.o(.text.HAL_RCC_GetPCLK2Freq)
    HAL_RCC_GetSysClockFreq                  0x080029ad   Thumb Code   188  stm32f1xx_hal_rcc.o(.text.HAL_RCC_GetSysClockFreq)
    HAL_RCC_OscConfig                        0x08002a69   Thumb Code  1658  stm32f1xx_hal_rcc.o(.text.HAL_RCC_OscConfig)
    HAL_SPI_Init                             0x080030e5   Thumb Code   248  stm32f1xx_hal_spi.o(.text.HAL_SPI_Init)
    HAL_SPI_MspInit                          0x080031dd   Thumb Code   126  spi.o(.text.HAL_SPI_MspInit)
    HAL_SPI_Transmit                         0x0800325d   Thumb Code   674  stm32f1xx_hal_spi.o(.text.HAL_SPI_Transmit)
    HAL_SYSTICK_Config                       0x08003501   Thumb Code    16  stm32f1xx_hal_cortex.o(.text.HAL_SYSTICK_Config)
    HAL_UART_Init                            0x08003511   Thumb Code   158  stm32f1xx_hal_uart.o(.text.HAL_UART_Init)
    HAL_UART_MspInit                         0x080035b1   Thumb Code   152  usart.o(.text.HAL_UART_MspInit)
    HAL_UART_Transmit                        0x08003649   Thumb Code   304  stm32f1xx_hal_uart.o(.text.HAL_UART_Transmit)
    HardFault_Handler                        0x08003779   Thumb Code     4  stm32f1xx_it.o(.text.HardFault_Handler)
    KeyTask                                  0x08003f8d   Thumb Code   350  main.o(.text.KeyTask)
    MX_GPIO_Init                             0x080040ed   Thumb Code   306  gpio.o(.text.MX_GPIO_Init)
    MX_I2C1_Init                             0x08004221   Thumb Code    72  i2c.o(.text.MX_I2C1_Init)
    MX_SPI1_Init                             0x08004269   Thumb Code    78  spi.o(.text.MX_SPI1_Init)
    MX_USART1_UART_Init                      0x080042b9   Thumb Code    64  usart.o(.text.MX_USART1_UART_Init)
    MemManage_Handler                        0x080042f9   Thumb Code     4  stm32f1xx_it.o(.text.MemManage_Handler)
    NMI_Handler                              0x080042fd   Thumb Code     4  stm32f1xx_it.o(.text.NMI_Handler)
    OLED_Clear                               0x0800436d   Thumb Code   100  oled.o(.text.OLED_Clear)
    OLED_ColorTurn                           0x080043d1   Thumb Code    50  oled.o(.text.OLED_ColorTurn)
    OLED_DisPlay_On                          0x08004405   Thumb Code    34  oled.o(.text.OLED_DisPlay_On)
    OLED_DisplayTurn                         0x08004429   Thumb Code    70  oled.o(.text.OLED_DisplayTurn)
    OLED_DrawPoint                           0x08004471   Thumb Code   162  oled.o(.text.OLED_DrawPoint)
    OLED_Init                                0x08004515   Thumb Code   276  oled.o(.text.OLED_Init)
    OLED_Refresh                             0x08004629   Thumb Code   132  oled.o(.text.OLED_Refresh)
    OLED_ShowChar                            0x080046ad   Thumb Code   490  oled.o(.text.OLED_ShowChar)
    OLED_ShowString                          0x08004899   Thumb Code   148  oled.o(.text.OLED_ShowString)
    OLED_WR_Byte                             0x0800492d   Thumb Code   100  oled.o(.text.OLED_WR_Byte)
    PendSV_Handler                           0x08004991   Thumb Code     2  stm32f1xx_it.o(.text.PendSV_Handler)
    SVC_Handler                              0x08004b69   Thumb Code     2  stm32f1xx_it.o(.text.SVC_Handler)
    SysTick_Handler                          0x08004bc1   Thumb Code     8  stm32f1xx_it.o(.text.SysTick_Handler)
    SystemClock_Config                       0x08004bc9   Thumb Code   108  main.o(.text.SystemClock_Config)
    SystemInit                               0x08004c35   Thumb Code     2  system_stm32f1xx.o(.text.SystemInit)
    UsageFault_Handler                       0x08004e65   Thumb Code     4  stm32f1xx_it.o(.text.UsageFault_Handler)
    keyScan                                  0x08004ef9   Thumb Code   214  keyscan.o(.text.keyScan)
    main                                     0x08004fd1   Thumb Code   308  main.o(.text.main)
    oledShowAll                              0x08005105   Thumb Code   474  main.o(.text.oledShowAll)
    tempWarning                              0x080052e1   Thumb Code   580  main.o(.text.tempWarning)
    _btod_d2e                                0x08005525   Thumb Code    62  btod.o(CL$$btod_d2e)
    _d2e_denorm_low                          0x08005563   Thumb Code    70  btod.o(CL$$btod_d2e_denorm_low)
    _d2e_norm_op1                            0x080055a9   Thumb Code    96  btod.o(CL$$btod_d2e_norm_op1)
    __btod_div_common                        0x08005609   Thumb Code   696  btod.o(CL$$btod_div_common)
    _e2e                                     0x08005941   Thumb Code   220  btod.o(CL$$btod_e2e)
    _btod_ediv                               0x08005a1d   Thumb Code    42  btod.o(CL$$btod_ediv)
    _btod_emul                               0x08005a47   Thumb Code    42  btod.o(CL$$btod_emul)
    __btod_mult_common                       0x08005a71   Thumb Code   580  btod.o(CL$$btod_mult_common)
    __ARM_fpclassify                         0x08005cb5   Thumb Code    40  fpclassify.o(i.__ARM_fpclassify)
    _is_digit                                0x08005cdd   Thumb Code    14  __printf_wp.o(i._is_digit)
    _get_lc_numeric                          0x08005ced   Thumb Code    44  lc_numeric_c.o(locale$$code)
    _get_lc_ctype                            0x08005d19   Thumb Code    44  lc_ctype_c.o(locale$$code)
    __aeabi_d2f                              0x08005d45   Thumb Code     0  d2f.o(x$fpl$d2f)
    _d2f                                     0x08005d45   Thumb Code    98  d2f.o(x$fpl$d2f)
    __aeabi_ddiv                             0x08005da9   Thumb Code     0  ddiv.o(x$fpl$ddiv)
    _ddiv                                    0x08005da9   Thumb Code   556  ddiv.o(x$fpl$ddiv)
    __aeabi_i2d                              0x0800605d   Thumb Code     0  dflt_clz.o(x$fpl$dflt)
    _dflt                                    0x0800605d   Thumb Code    46  dflt_clz.o(x$fpl$dflt)
    __fpl_dnaninf                            0x0800608b   Thumb Code   156  dnaninf.o(x$fpl$dnaninf)
    __fpl_dretinf                            0x08006127   Thumb Code    12  dretinf.o(x$fpl$dretinf)
    __aeabi_f2d                              0x08006135   Thumb Code     0  f2d.o(x$fpl$f2d)
    _f2d                                     0x08006135   Thumb Code    86  f2d.o(x$fpl$f2d)
    __aeabi_fcmpeq                           0x0800618b   Thumb Code     0  fcmp.o(x$fpl$fcmp)
    _feq                                     0x0800618b   Thumb Code    14  fcmp.o(x$fpl$fcmp)
    _fneq                                    0x08006199   Thumb Code    14  fcmp.o(x$fpl$fcmp)
    __aeabi_fcmpgt                           0x080061a7   Thumb Code     0  fcmp.o(x$fpl$fcmp)
    _fgr                                     0x080061a7   Thumb Code    14  fcmp.o(x$fpl$fcmp)
    __aeabi_fcmpge                           0x080061b5   Thumb Code     0  fcmp.o(x$fpl$fcmp)
    _fgeq                                    0x080061b5   Thumb Code    14  fcmp.o(x$fpl$fcmp)
    __aeabi_fcmple                           0x080061c3   Thumb Code     0  fcmp.o(x$fpl$fcmp)
    _fleq                                    0x080061c3   Thumb Code    14  fcmp.o(x$fpl$fcmp)
    __aeabi_fcmplt                           0x080061d1   Thumb Code     0  fcmp.o(x$fpl$fcmp)
    _fls                                     0x080061d1   Thumb Code    14  fcmp.o(x$fpl$fcmp)
    __fpl_fcmp_Inf                           0x080061df   Thumb Code    24  fcmpi.o(x$fpl$fcmpinf)
    __aeabi_cfcmpeq                          0x080061f9   Thumb Code     0  feqf.o(x$fpl$feqf)
    _fcmpeq                                  0x080061f9   Thumb Code   104  feqf.o(x$fpl$feqf)
    __aeabi_i2f                              0x08006261   Thumb Code     0  fflt_clz.o(x$fpl$fflt)
    _fflt                                    0x08006261   Thumb Code    48  fflt_clz.o(x$fpl$fflt)
    _fcmpge                                  0x08006291   Thumb Code   104  fgeqf.o(x$fpl$fgeqf)
    __aeabi_cfcmple                          0x080062f9   Thumb Code     0  fleqf.o(x$fpl$fleqf)
    _fcmple                                  0x080062f9   Thumb Code   104  fleqf.o(x$fpl$fleqf)
    __fpl_fcmple_InfNaN                      0x0800634b   Thumb Code     0  fleqf.o(x$fpl$fleqf)
    __fpl_fnaninf                            0x08006361   Thumb Code   140  fnaninf.o(x$fpl$fnaninf)
    __fpl_fretinf                            0x080063ed   Thumb Code    10  fretinf.o(x$fpl$fretinf)
    _printf_fp_dec                           0x080063f7   Thumb Code     4  printf1.o(x$fpl$printf1)
    _printf_fp_hex                           0x080063fb   Thumb Code     4  printf2.o(x$fpl$printf2)
    __I$use$fp                               0x080063fe   Number         0  usenofp.o(x$fpl$usenofp)
    AHBPrescTable                            0x080064fc   Data          16  system_stm32f1xx.o(.rodata.AHBPrescTable)
    APBPrescTable                            0x0800650c   Data           8  system_stm32f1xx.o(.rodata.APBPrescTable)
    asc2_0806                                0x08006526   Data         552  oled.o(.rodata.asc2_0806)
    asc2_1206                                0x0800674e   Data        1140  oled.o(.rodata.asc2_1206)
    asc2_1608                                0x08006bc2   Data        1520  oled.o(.rodata.asc2_1608)
    asc2_2412                                0x080071b2   Data        3420  oled.o(.rodata.asc2_2412)
    Region$$Table$$Base                      0x08007fc4   Number         0  anon$$obj.o(Region$$Table)
    Region$$Table$$Limit                     0x08007fe4   Number         0  anon$$obj.o(Region$$Table)
    __ctype                                  0x0800800d   Data           0  lc_ctype_c.o(locale$$data)
    SystemCoreClock                          0x20000000   Data           4  system_stm32f1xx.o(.data.SystemCoreClock)
    TsetNo                                   0x20000004   Data           4  main.o(.data.TsetNo)
    TsetYes                                  0x20000008   Data           4  main.o(.data.TsetYes)
    uwTickFreq                               0x2000000c   Data           1  stm32f1xx_hal.o(.data.uwTickFreq)
    uwTickPrio                               0x20000010   Data           4  stm32f1xx_hal.o(.data.uwTickPrio)
    __libspace_start                         0x20000018   Data          96  libspace.o(.bss)
    BMP280_CALIBRATION_DATA                  0x20000078   Data          24  convertors.o(.bss.BMP280_CALIBRATION_DATA)
    __temporary_stack_top$libspace           0x20000078   Data           0  libspace.o(.bss)
    OLED_GRAM                                0x20000090   Data        1152  oled.o(.bss.OLED_GRAM)
    T                                        0x20000510   Data           4  main.o(.bss.T)
    hi2c1                                    0x20000514   Data          84  i2c.o(.bss.hi2c1)
    hspi1                                    0x20000568   Data          88  spi.o(.bss.hspi1)
    huart1                                   0x200005c0   Data          72  usart.o(.bss.huart1)
    interface                                0x20000608   Data           4  bmp280_i2c.o(.bss.interface)
    peopleFlag                               0x2000060c   Data           4  main.o(.bss.peopleFlag)
    setFlag                                  0x20000610   Data           4  main.o(.bss.setFlag)
    t                                        0x20000614   Data           4  main.o(.bss.t)
    t_fine                                   0x20000618   Data           4  convertors.o(.bss.t_fine)
    tempToSetNo                              0x2000061c   Data           5  main.o(.bss.tempToSetNo)
    tempToSetYes                             0x20000621   Data           5  main.o(.bss.tempToSetYes)
    tempToShow                               0x20000626   Data           6  main.o(.bss.tempToShow)
    uwTick                                   0x2000062c   Data           4  stm32f1xx_hal.o(.bss.uwTick)



==============================================================================

Memory Map of the image

  Image Entry point : 0x080000ed

  Load Region LR_IROM1 (Base: 0x08000000, Size: 0x00008128, Max: 0x00010000, ABSOLUTE)

    Execution Region ER_IROM1 (Exec base: 0x08000000, Load base: 0x08000000, Size: 0x00008110, Max: 0x00010000, ABSOLUTE)

    Exec Addr    Load Addr    Size         Type   Attr      Idx    E Section Name        Object

    0x08000000   0x08000000   0x000000ec   Data   RO            3    RESET               startup_stm32f103xb.o
    0x080000ec   0x080000ec   0x00000008   Code   RO         1066  * !!!main             c_w.l(__main.o)
    0x080000f4   0x080000f4   0x0000005c   Code   RO         1455    !!!scatter          c_w.l(__scatter.o)
    0x08000150   0x08000150   0x0000001a   Code   RO         1459    !!handler_copy      c_w.l(__scatter_copy.o)
    0x0800016a   0x0800016a   0x00000002   PAD
    0x0800016c   0x0800016c   0x00000002   Code   RO         1456    !!handler_null      c_w.l(__scatter.o)
    0x0800016e   0x0800016e   0x00000002   PAD
    0x08000170   0x08000170   0x0000001c   Code   RO         1461    !!handler_zi        c_w.l(__scatter_zi.o)
    0x0800018c   0x0800018c   0x00000000   Code   RO         1178    .ARM.Collect$$_printf_percent$$00000000  c_w.l(_printf_percent.o)
    0x0800018c   0x0800018c   0x00000006   Code   RO         1167    .ARM.Collect$$_printf_percent$$00000001  c_w.l(_printf_n.o)
    0x08000192   0x08000192   0x00000006   Code   RO         1169    .ARM.Collect$$_printf_percent$$00000002  c_w.l(_printf_p.o)
    0x08000198   0x08000198   0x00000006   Code   RO         1174    .ARM.Collect$$_printf_percent$$00000003  c_w.l(_printf_f.o)
    0x0800019e   0x0800019e   0x00000006   Code   RO         1175    .ARM.Collect$$_printf_percent$$00000004  c_w.l(_printf_e.o)
    0x080001a4   0x080001a4   0x00000006   Code   RO         1176    .ARM.Collect$$_printf_percent$$00000005  c_w.l(_printf_g.o)
    0x080001aa   0x080001aa   0x00000006   Code   RO         1177    .ARM.Collect$$_printf_percent$$00000006  c_w.l(_printf_a.o)
    0x080001b0   0x080001b0   0x0000000a   Code   RO         1182    .ARM.Collect$$_printf_percent$$00000007  c_w.l(_printf_ll.o)
    0x080001ba   0x080001ba   0x00000006   Code   RO         1171    .ARM.Collect$$_printf_percent$$00000008  c_w.l(_printf_i.o)
    0x080001c0   0x080001c0   0x00000006   Code   RO         1172    .ARM.Collect$$_printf_percent$$00000009  c_w.l(_printf_d.o)
    0x080001c6   0x080001c6   0x00000006   Code   RO         1173    .ARM.Collect$$_printf_percent$$0000000A  c_w.l(_printf_u.o)
    0x080001cc   0x080001cc   0x00000006   Code   RO         1170    .ARM.Collect$$_printf_percent$$0000000B  c_w.l(_printf_o.o)
    0x080001d2   0x080001d2   0x00000006   Code   RO         1168    .ARM.Collect$$_printf_percent$$0000000C  c_w.l(_printf_x.o)
    0x080001d8   0x080001d8   0x00000006   Code   RO         1179    .ARM.Collect$$_printf_percent$$0000000D  c_w.l(_printf_lli.o)
    0x080001de   0x080001de   0x00000006   Code   RO         1180    .ARM.Collect$$_printf_percent$$0000000E  c_w.l(_printf_lld.o)
    0x080001e4   0x080001e4   0x00000006   Code   RO         1181    .ARM.Collect$$_printf_percent$$0000000F  c_w.l(_printf_llu.o)
    0x080001ea   0x080001ea   0x00000006   Code   RO         1186    .ARM.Collect$$_printf_percent$$00000010  c_w.l(_printf_llo.o)
    0x080001f0   0x080001f0   0x00000006   Code   RO         1187    .ARM.Collect$$_printf_percent$$00000011  c_w.l(_printf_llx.o)
    0x080001f6   0x080001f6   0x0000000a   Code   RO         1183    .ARM.Collect$$_printf_percent$$00000012  c_w.l(_printf_l.o)
    0x08000200   0x08000200   0x00000006   Code   RO         1165    .ARM.Collect$$_printf_percent$$00000013  c_w.l(_printf_c.o)
    0x08000206   0x08000206   0x00000006   Code   RO         1166    .ARM.Collect$$_printf_percent$$00000014  c_w.l(_printf_s.o)
    0x0800020c   0x0800020c   0x00000006   Code   RO         1184    .ARM.Collect$$_printf_percent$$00000015  c_w.l(_printf_lc.o)
    0x08000212   0x08000212   0x00000006   Code   RO         1185    .ARM.Collect$$_printf_percent$$00000016  c_w.l(_printf_ls.o)
    0x08000218   0x08000218   0x00000004   Code   RO         1247    .ARM.Collect$$_printf_percent$$00000017  c_w.l(_printf_percent_end.o)
    0x0800021c   0x0800021c   0x00000002   Code   RO         1304    .ARM.Collect$$libinit$$00000000  c_w.l(libinit.o)
    0x0800021e   0x0800021e   0x00000000   Code   RO         1328    .ARM.Collect$$libinit$$00000002  c_w.l(libinit2.o)
    0x0800021e   0x0800021e   0x00000000   Code   RO         1330    .ARM.Collect$$libinit$$00000004  c_w.l(libinit2.o)
    0x0800021e   0x0800021e   0x00000000   Code   RO         1332    .ARM.Collect$$libinit$$00000006  c_w.l(libinit2.o)
    0x0800021e   0x0800021e   0x00000000   Code   RO         1335    .ARM.Collect$$libinit$$0000000C  c_w.l(libinit2.o)
    0x0800021e   0x0800021e   0x00000000   Code   RO         1337    .ARM.Collect$$libinit$$0000000E  c_w.l(libinit2.o)
    0x0800021e   0x0800021e   0x00000000   Code   RO         1339    .ARM.Collect$$libinit$$00000010  c_w.l(libinit2.o)
    0x0800021e   0x0800021e   0x00000006   Code   RO         1340    .ARM.Collect$$libinit$$00000011  c_w.l(libinit2.o)
    0x08000224   0x08000224   0x00000000   Code   RO         1342    .ARM.Collect$$libinit$$00000013  c_w.l(libinit2.o)
    0x08000224   0x08000224   0x0000000c   Code   RO         1343    .ARM.Collect$$libinit$$00000014  c_w.l(libinit2.o)
    0x08000230   0x08000230   0x00000000   Code   RO         1344    .ARM.Collect$$libinit$$00000015  c_w.l(libinit2.o)
    0x08000230   0x08000230   0x00000000   Code   RO         1346    .ARM.Collect$$libinit$$00000017  c_w.l(libinit2.o)
    0x08000230   0x08000230   0x0000000a   Code   RO         1347    .ARM.Collect$$libinit$$00000018  c_w.l(libinit2.o)
    0x0800023a   0x0800023a   0x00000000   Code   RO         1348    .ARM.Collect$$libinit$$00000019  c_w.l(libinit2.o)
    0x0800023a   0x0800023a   0x00000000   Code   RO         1350    .ARM.Collect$$libinit$$0000001B  c_w.l(libinit2.o)
    0x0800023a   0x0800023a   0x00000000   Code   RO         1352    .ARM.Collect$$libinit$$0000001D  c_w.l(libinit2.o)
    0x0800023a   0x0800023a   0x00000000   Code   RO         1354    .ARM.Collect$$libinit$$0000001F  c_w.l(libinit2.o)
    0x0800023a   0x0800023a   0x00000000   Code   RO         1356    .ARM.Collect$$libinit$$00000021  c_w.l(libinit2.o)
    0x0800023a   0x0800023a   0x00000000   Code   RO         1358    .ARM.Collect$$libinit$$00000023  c_w.l(libinit2.o)
    0x0800023a   0x0800023a   0x00000000   Code   RO         1360    .ARM.Collect$$libinit$$00000025  c_w.l(libinit2.o)
    0x0800023a   0x0800023a   0x00000000   Code   RO         1362    .ARM.Collect$$libinit$$00000027  c_w.l(libinit2.o)
    0x0800023a   0x0800023a   0x00000000   Code   RO         1366    .ARM.Collect$$libinit$$0000002E  c_w.l(libinit2.o)
    0x0800023a   0x0800023a   0x00000000   Code   RO         1368    .ARM.Collect$$libinit$$00000030  c_w.l(libinit2.o)
    0x0800023a   0x0800023a   0x00000000   Code   RO         1370    .ARM.Collect$$libinit$$00000032  c_w.l(libinit2.o)
    0x0800023a   0x0800023a   0x00000000   Code   RO         1372    .ARM.Collect$$libinit$$00000034  c_w.l(libinit2.o)
    0x0800023a   0x0800023a   0x00000002   Code   RO         1373    .ARM.Collect$$libinit$$00000035  c_w.l(libinit2.o)
    0x0800023c   0x0800023c   0x00000002   Code   RO         1410    .ARM.Collect$$libshutdown$$00000000  c_w.l(libshutdown.o)
    0x0800023e   0x0800023e   0x00000000   Code   RO         1438    .ARM.Collect$$libshutdown$$00000002  c_w.l(libshutdown2.o)
    0x0800023e   0x0800023e   0x00000000   Code   RO         1440    .ARM.Collect$$libshutdown$$00000004  c_w.l(libshutdown2.o)
    0x0800023e   0x0800023e   0x00000000   Code   RO         1443    .ARM.Collect$$libshutdown$$00000007  c_w.l(libshutdown2.o)
    0x0800023e   0x0800023e   0x00000000   Code   RO         1446    .ARM.Collect$$libshutdown$$0000000A  c_w.l(libshutdown2.o)
    0x0800023e   0x0800023e   0x00000000   Code   RO         1448    .ARM.Collect$$libshutdown$$0000000C  c_w.l(libshutdown2.o)
    0x0800023e   0x0800023e   0x00000000   Code   RO         1451    .ARM.Collect$$libshutdown$$0000000F  c_w.l(libshutdown2.o)
    0x0800023e   0x0800023e   0x00000002   Code   RO         1452    .ARM.Collect$$libshutdown$$00000010  c_w.l(libshutdown2.o)
    0x08000240   0x08000240   0x00000000   Code   RO         1090    .ARM.Collect$$rtentry$$00000000  c_w.l(__rtentry.o)
    0x08000240   0x08000240   0x00000000   Code   RO         1214    .ARM.Collect$$rtentry$$00000002  c_w.l(__rtentry2.o)
    0x08000240   0x08000240   0x00000006   Code   RO         1226    .ARM.Collect$$rtentry$$00000004  c_w.l(__rtentry4.o)
    0x08000246   0x08000246   0x00000000   Code   RO         1216    .ARM.Collect$$rtentry$$00000009  c_w.l(__rtentry2.o)
    0x08000246   0x08000246   0x00000004   Code   RO         1217    .ARM.Collect$$rtentry$$0000000A  c_w.l(__rtentry2.o)
    0x0800024a   0x0800024a   0x00000000   Code   RO         1219    .ARM.Collect$$rtentry$$0000000C  c_w.l(__rtentry2.o)
    0x0800024a   0x0800024a   0x00000008   Code   RO         1220    .ARM.Collect$$rtentry$$0000000D  c_w.l(__rtentry2.o)
    0x08000252   0x08000252   0x00000002   Code   RO         1312    .ARM.Collect$$rtexit$$00000000  c_w.l(rtexit.o)
    0x08000254   0x08000254   0x00000000   Code   RO         1379    .ARM.Collect$$rtexit$$00000002  c_w.l(rtexit2.o)
    0x08000254   0x08000254   0x00000004   Code   RO         1380    .ARM.Collect$$rtexit$$00000003  c_w.l(rtexit2.o)
    0x08000258   0x08000258   0x00000006   Code   RO         1381    .ARM.Collect$$rtexit$$00000004  c_w.l(rtexit2.o)
    0x0800025e   0x0800025e   0x00000002   PAD
    0x08000260   0x08000260   0x00000040   Code   RO            4    .text               startup_stm32f103xb.o
    0x080002a0   0x080002a0   0x00000040   Code   RO         1056    .text               c_w.l(snprintf.o)
    0x080002e0   0x080002e0   0x0000003e   Code   RO         1058    .text               c_w.l(strlen.o)
    0x0800031e   0x0800031e   0x0000008a   Code   RO         1060    .text               c_w.l(rt_memcpy_v6.o)
    0x080003a8   0x080003a8   0x0000004e   Code   RO         1062    .text               c_w.l(rt_memclr_w.o)
    0x080003f6   0x080003f6   0x00000006   Code   RO         1064    .text               c_w.l(heapauxi.o)
    0x080003fc   0x080003fc   0x0000004e   Code   RO         1099    .text               c_w.l(_printf_pad.o)
    0x0800044a   0x0800044a   0x00000024   Code   RO         1101    .text               c_w.l(_printf_truncate.o)
    0x0800046e   0x0800046e   0x00000052   Code   RO         1103    .text               c_w.l(_printf_str.o)
    0x080004c0   0x080004c0   0x00000078   Code   RO         1105    .text               c_w.l(_printf_dec.o)
    0x08000538   0x08000538   0x00000028   Code   RO         1107    .text               c_w.l(_printf_charcount.o)
    0x08000560   0x08000560   0x00000030   Code   RO         1109    .text               c_w.l(_printf_char_common.o)
    0x08000590   0x08000590   0x00000010   Code   RO         1111    .text               c_w.l(_snputc.o)
    0x080005a0   0x080005a0   0x000000bc   Code   RO         1113    .text               c_w.l(_printf_wctomb.o)
    0x0800065c   0x0800065c   0x0000007c   Code   RO         1116    .text               c_w.l(_printf_longlong_dec.o)
    0x080006d8   0x080006d8   0x00000070   Code   RO         1122    .text               c_w.l(_printf_oct_int_ll.o)
    0x08000748   0x08000748   0x00000094   Code   RO         1142    .text               c_w.l(_printf_hex_int_ll_ptr.o)
    0x080007dc   0x080007dc   0x00000188   Code   RO         1162    .text               c_w.l(__printf_flags_ss_wp.o)
    0x08000964   0x08000964   0x00000064   Code   RO         1188    .text               c_w.l(rt_memcpy_w.o)
    0x080009c8   0x080009c8   0x0000008a   Code   RO         1230    .text               c_w.l(lludiv10.o)
    0x08000a52   0x08000a52   0x000000b2   Code   RO         1232    .text               c_w.l(_printf_intcommon.o)
    0x08000b04   0x08000b04   0x0000041c   Code   RO         1234    .text               c_w.l(_printf_fp_dec.o)
    0x08000f20   0x08000f20   0x000002fc   Code   RO         1238    .text               c_w.l(_printf_fp_hex.o)
    0x0800121c   0x0800121c   0x0000002c   Code   RO         1243    .text               c_w.l(_printf_char.o)
    0x08001248   0x08001248   0x0000002c   Code   RO         1245    .text               c_w.l(_printf_wchar.o)
    0x08001274   0x08001274   0x00000048   Code   RO         1248    .text               c_w.l(_c16rtomb.o)
    0x080012bc   0x080012bc   0x0000004a   Code   RO         1252    .text               c_w.l(sys_stackheap_outer.o)
    0x08001306   0x08001306   0x00000002   PAD
    0x08001308   0x08001308   0x00000010   Code   RO         1254    .text               c_w.l(rt_ctype_table.o)
    0x08001318   0x08001318   0x00000008   Code   RO         1259    .text               c_w.l(rt_locale_intlibspace.o)
    0x08001320   0x08001320   0x00000080   Code   RO         1261    .text               c_w.l(_printf_fp_infnan.o)
    0x080013a0   0x080013a0   0x000000e4   Code   RO         1263    .text               c_w.l(bigflt0.o)
    0x08001484   0x08001484   0x00000012   Code   RO         1293    .text               c_w.l(exit.o)
    0x08001496   0x08001496   0x00000002   PAD
    0x08001498   0x08001498   0x00000008   Code   RO         1309    .text               c_w.l(libspace.o)
    0x080014a0   0x080014a0   0x00000080   Code   RO         1325    .text               c_w.l(strcmpv7m.o)
    0x08001520   0x08001520   0x0000000c   Code   RO         1374    .text               c_w.l(sys_exit.o)
    0x0800152c   0x0800152c   0x00000002   Code   RO         1399    .text               c_w.l(use_no_semi.o)
    0x0800152e   0x0800152e   0x00000000   Code   RO         1401    .text               c_w.l(indicate_semi.o)
    0x0800152e   0x0800152e   0x00000002   PAD
    0x08001530   0x08001530   0x00000058   Code   RO          162    .text.BME280_compensate_T_int32  convertors.o
    0x08001588   0x08001588   0x0000005e   Code   RO          124    .text.BMP280_GetCalibrationData  bmp280.o
    0x080015e6   0x080015e6   0x00000002   PAD
    0x080015e8   0x080015e8   0x00000032   Code   RO          128    .text.BMP280_GetTemperature  bmp280.o
    0x0800161a   0x0800161a   0x00000002   PAD
    0x0800161c   0x0800161c   0x00000014   Code   RO          148    .text.BMP280_IO_I2C  bmp280_i2c.o
    0x08001630   0x08001630   0x00000028   Code   RO          136    .text.BMP280_Init   bmp280.o
    0x08001658   0x08001658   0x00000046   Code   RO          138    .text.BMP280_InitALL  bmp280.o
    0x0800169e   0x0800169e   0x00000002   PAD
    0x080016a0   0x080016a0   0x00000060   Code   RO          134    .text.BMP280_SetConfig  bmp280.o
    0x08001700   0x08001700   0x0000003e   Code   RO          150    .text.BMP280_read   bmp280_i2c.o
    0x0800173e   0x0800173e   0x00000002   PAD
    0x08001740   0x08001740   0x0000003e   Code   RO          152    .text.BMP280_write  bmp280_i2c.o
    0x0800177e   0x0800177e   0x00000002   PAD
    0x08001780   0x08001780   0x00000004   Code   RO           97    .text.BusFault_Handler  stm32f1xx_it.o
    0x08001784   0x08001784   0x00000002   Code   RO          103    .text.DebugMon_Handler  stm32f1xx_it.o
    0x08001786   0x08001786   0x00000002   PAD
    0x08001788   0x08001788   0x0000000e   Code   RO           21    .text.Error_Handler  main.o
    0x08001796   0x08001796   0x00000002   PAD
    0x08001798   0x08001798   0x00000042   Code   RO          431    .text.HAL_Delay     stm32f1xx_hal.o
    0x080017da   0x080017da   0x00000002   PAD
    0x080017dc   0x080017dc   0x0000031e   Code   RO          525    .text.HAL_GPIO_Init  stm32f1xx_hal_gpio.o
    0x08001afa   0x08001afa   0x00000002   PAD
    0x08001afc   0x08001afc   0x0000002e   Code   RO          529    .text.HAL_GPIO_ReadPin  stm32f1xx_hal_gpio.o
    0x08001b2a   0x08001b2a   0x00000002   PAD
    0x08001b2c   0x08001b2c   0x00000026   Code   RO          533    .text.HAL_GPIO_TogglePin  stm32f1xx_hal_gpio.o
    0x08001b52   0x08001b52   0x00000002   PAD
    0x08001b54   0x08001b54   0x0000002e   Code   RO          531    .text.HAL_GPIO_WritePin  stm32f1xx_hal_gpio.o
    0x08001b82   0x08001b82   0x00000002   PAD
    0x08001b84   0x08001b84   0x0000000c   Code   RO          423    .text.HAL_GetTick   stm32f1xx_hal.o
    0x08001b90   0x08001b90   0x000002a4   Code   RO          240    .text.HAL_I2C_Init  stm32f1xx_hal_i2c.o
    0x08001e34   0x08001e34   0x000004de   Code   RO          294    .text.HAL_I2C_Mem_Read  stm32f1xx_hal_i2c.o
    0x08002312   0x08002312   0x00000002   PAD
    0x08002314   0x08002314   0x00000210   Code   RO          290    .text.HAL_I2C_Mem_Write  stm32f1xx_hal_i2c.o
    0x08002524   0x08002524   0x0000007e   Code   RO           51    .text.HAL_I2C_MspInit  i2c.o
    0x080025a2   0x080025a2   0x00000002   PAD
    0x080025a4   0x080025a4   0x0000001a   Code   RO          421    .text.HAL_IncTick   stm32f1xx_hal.o
    0x080025be   0x080025be   0x00000002   PAD
    0x080025c0   0x080025c0   0x00000026   Code   RO          411    .text.HAL_Init      stm32f1xx_hal.o
    0x080025e6   0x080025e6   0x00000002   PAD
    0x080025e8   0x080025e8   0x00000070   Code   RO          413    .text.HAL_InitTick  stm32f1xx_hal.o
    0x08002658   0x08002658   0x00000064   Code   RO          116    .text.HAL_MspInit   stm32f1xx_hal_msp.o
    0x080026bc   0x080026bc   0x00000032   Code   RO          585    .text.HAL_NVIC_SetPriority  stm32f1xx_hal_cortex.o
    0x080026ee   0x080026ee   0x00000002   PAD
    0x080026f0   0x080026f0   0x00000010   Code   RO          581    .text.HAL_NVIC_SetPriorityGrouping  stm32f1xx_hal_cortex.o
    0x08002700   0x08002700   0x00000256   Code   RO          477    .text.HAL_RCC_ClockConfig  stm32f1xx_hal_rcc.o
    0x08002956   0x08002956   0x00000002   PAD
    0x08002958   0x08002958   0x0000000c   Code   RO          487    .text.HAL_RCC_GetHCLKFreq  stm32f1xx_hal_rcc.o
    0x08002964   0x08002964   0x00000022   Code   RO          489    .text.HAL_RCC_GetPCLK1Freq  stm32f1xx_hal_rcc.o
    0x08002986   0x08002986   0x00000002   PAD
    0x08002988   0x08002988   0x00000022   Code   RO          491    .text.HAL_RCC_GetPCLK2Freq  stm32f1xx_hal_rcc.o
    0x080029aa   0x080029aa   0x00000002   PAD
    0x080029ac   0x080029ac   0x000000bc   Code   RO          479    .text.HAL_RCC_GetSysClockFreq  stm32f1xx_hal_rcc.o
    0x08002a68   0x08002a68   0x0000067a   Code   RO          473    .text.HAL_RCC_OscConfig  stm32f1xx_hal_rcc.o
    0x080030e2   0x080030e2   0x00000002   PAD
    0x080030e4   0x080030e4   0x000000f8   Code   RO          789    .text.HAL_SPI_Init  stm32f1xx_hal_spi.o
    0x080031dc   0x080031dc   0x0000007e   Code   RO           65    .text.HAL_SPI_MspInit  spi.o
    0x0800325a   0x0800325a   0x00000002   PAD
    0x0800325c   0x0800325c   0x000002a2   Code   RO          797    .text.HAL_SPI_Transmit  stm32f1xx_hal_spi.o
    0x080034fe   0x080034fe   0x00000002   PAD
    0x08003500   0x08003500   0x00000010   Code   RO          605    .text.HAL_SYSTICK_Config  stm32f1xx_hal_cortex.o
    0x08003510   0x08003510   0x0000009e   Code   RO          908    .text.HAL_UART_Init  stm32f1xx_hal_uart.o
    0x080035ae   0x080035ae   0x00000002   PAD
    0x080035b0   0x080035b0   0x00000098   Code   RO           79    .text.HAL_UART_MspInit  usart.o
    0x08003648   0x08003648   0x00000130   Code   RO          924    .text.HAL_UART_Transmit  stm32f1xx_hal_uart.o
    0x08003778   0x08003778   0x00000004   Code   RO           93    .text.HardFault_Handler  stm32f1xx_it.o
    0x0800377c   0x0800377c   0x00000064   Code   RO          402    .text.I2C_IsAcknowledgeFailed  stm32f1xx_hal_i2c.o
    0x080037e0   0x080037e0   0x000001e2   Code   RO          296    .text.I2C_RequestMemoryRead  stm32f1xx_hal_i2c.o
    0x080039c2   0x080039c2   0x00000002   PAD
    0x080039c4   0x080039c4   0x0000013a   Code   RO          292    .text.I2C_RequestMemoryWrite  stm32f1xx_hal_i2c.o
    0x08003afe   0x08003afe   0x00000002   PAD
    0x08003b00   0x08003b00   0x000000ac   Code   RO          256    .text.I2C_WaitOnBTFFlagUntilTimeout  stm32f1xx_hal_i2c.o
    0x08003bac   0x08003bac   0x00000108   Code   RO          250    .text.I2C_WaitOnFlagUntilTimeout  stm32f1xx_hal_i2c.o
    0x08003cb4   0x08003cb4   0x00000154   Code   RO          400    .text.I2C_WaitOnMasterAddressFlagUntilTimeout  stm32f1xx_hal_i2c.o
    0x08003e08   0x08003e08   0x000000dc   Code   RO          262    .text.I2C_WaitOnRXNEFlagUntilTimeout  stm32f1xx_hal_i2c.o
    0x08003ee4   0x08003ee4   0x000000a8   Code   RO          254    .text.I2C_WaitOnTXEFlagUntilTimeout  stm32f1xx_hal_i2c.o
    0x08003f8c   0x08003f8c   0x0000015e   Code   RO           15    .text.KeyTask       main.o
    0x080040ea   0x080040ea   0x00000002   PAD
    0x080040ec   0x080040ec   0x00000132   Code   RO           41    .text.MX_GPIO_Init  gpio.o
    0x0800421e   0x0800421e   0x00000002   PAD
    0x08004220   0x08004220   0x00000048   Code   RO           49    .text.MX_I2C1_Init  i2c.o
    0x08004268   0x08004268   0x0000004e   Code   RO           63    .text.MX_SPI1_Init  spi.o
    0x080042b6   0x080042b6   0x00000002   PAD
    0x080042b8   0x080042b8   0x00000040   Code   RO           77    .text.MX_USART1_UART_Init  usart.o
    0x080042f8   0x080042f8   0x00000004   Code   RO           95    .text.MemManage_Handler  stm32f1xx_it.o
    0x080042fc   0x080042fc   0x00000004   Code   RO           91    .text.NMI_Handler   stm32f1xx_it.o
    0x08004300   0x08004300   0x0000006c   Code   RO          591    .text.NVIC_EncodePriority  stm32f1xx_hal_cortex.o
    0x0800436c   0x0800436c   0x00000064   Code   RO          187    .text.OLED_Clear    oled.o
    0x080043d0   0x080043d0   0x00000032   Code   RO          175    .text.OLED_ColorTurn  oled.o
    0x08004402   0x08004402   0x00000002   PAD
    0x08004404   0x08004404   0x00000022   Code   RO          181    .text.OLED_DisPlay_On  oled.o
    0x08004426   0x08004426   0x00000002   PAD
    0x08004428   0x08004428   0x00000046   Code   RO          179    .text.OLED_DisplayTurn  oled.o
    0x0800446e   0x0800446e   0x00000002   PAD
    0x08004470   0x08004470   0x000000a2   Code   RO          189    .text.OLED_DrawPoint  oled.o
    0x08004512   0x08004512   0x00000002   PAD
    0x08004514   0x08004514   0x00000114   Code   RO          205    .text.OLED_Init     oled.o
    0x08004628   0x08004628   0x00000084   Code   RO          185    .text.OLED_Refresh  oled.o
    0x080046ac   0x080046ac   0x000001ea   Code   RO          195    .text.OLED_ShowChar  oled.o
    0x08004896   0x08004896   0x00000002   PAD
    0x08004898   0x08004898   0x00000094   Code   RO          197    .text.OLED_ShowString  oled.o
    0x0800492c   0x0800492c   0x00000064   Code   RO          177    .text.OLED_WR_Byte  oled.o
    0x08004990   0x08004990   0x00000002   Code   RO          105    .text.PendSV_Handler  stm32f1xx_it.o
    0x08004992   0x08004992   0x00000002   PAD
    0x08004994   0x08004994   0x0000003a   Code   RO          475    .text.RCC_Delay     stm32f1xx_hal_rcc.o
    0x080049ce   0x080049ce   0x00000002   PAD
    0x080049d0   0x080049d0   0x0000006a   Code   RO          799    .text.SPI_EndRxTxTransaction  stm32f1xx_hal_spi.o
    0x08004a3a   0x08004a3a   0x00000002   PAD
    0x08004a3c   0x08004a3c   0x0000012a   Code   RO          897    .text.SPI_WaitFlagStateUntilTimeout  stm32f1xx_hal_spi.o
    0x08004b66   0x08004b66   0x00000002   PAD
    0x08004b68   0x08004b68   0x00000002   Code   RO          101    .text.SVC_Handler   stm32f1xx_it.o
    0x08004b6a   0x08004b6a   0x00000002   PAD
    0x08004b6c   0x08004b6c   0x00000052   Code   RO          607    .text.SysTick_Config  stm32f1xx_hal_cortex.o
    0x08004bbe   0x08004bbe   0x00000002   PAD
    0x08004bc0   0x08004bc0   0x00000008   Code   RO          107    .text.SysTick_Handler  stm32f1xx_it.o
    0x08004bc8   0x08004bc8   0x0000006c   Code   RO           13    .text.SystemClock_Config  main.o
    0x08004c34   0x08004c34   0x00000002   Code   RO         1039    .text.SystemInit    system_stm32f1xx.o
    0x08004c36   0x08004c36   0x00000002   PAD
    0x08004c38   0x08004c38   0x00000094   Code   RO          956    .text.UART_EndRxTransfer  stm32f1xx_hal_uart.o
    0x08004ccc   0x08004ccc   0x000000ba   Code   RO          912    .text.UART_SetConfig  stm32f1xx_hal_uart.o
    0x08004d86   0x08004d86   0x00000002   PAD
    0x08004d88   0x08004d88   0x000000da   Code   RO          926    .text.UART_WaitOnFlagUntilTimeout  stm32f1xx_hal_uart.o
    0x08004e62   0x08004e62   0x00000002   PAD
    0x08004e64   0x08004e64   0x00000004   Code   RO           99    .text.UsageFault_Handler  stm32f1xx_it.o
    0x08004e68   0x08004e68   0x00000010   Code   RO          587    .text.__NVIC_GetPriorityGrouping  stm32f1xx_hal_cortex.o
    0x08004e78   0x08004e78   0x00000042   Code   RO          589    .text.__NVIC_SetPriority  stm32f1xx_hal_cortex.o
    0x08004eba   0x08004eba   0x00000002   PAD
    0x08004ebc   0x08004ebc   0x0000003c   Code   RO          583    .text.__NVIC_SetPriorityGrouping  stm32f1xx_hal_cortex.o
    0x08004ef8   0x08004ef8   0x000000d6   Code   RO          219    .text.keyScan       keyscan.o
    0x08004fce   0x08004fce   0x00000002   PAD
    0x08004fd0   0x08004fd0   0x00000134   Code   RO           11    .text.main          main.o
    0x08005104   0x08005104   0x000001da   Code   RO           17    .text.oledShowAll   main.o
    0x080052de   0x080052de   0x00000002   PAD
    0x080052e0   0x080052e0   0x00000244   Code   RO           19    .text.tempWarning   main.o
    0x08005524   0x08005524   0x0000003e   Code   RO         1266    CL$$btod_d2e        c_w.l(btod.o)
    0x08005562   0x08005562   0x00000046   Code   RO         1268    CL$$btod_d2e_denorm_low  c_w.l(btod.o)
    0x080055a8   0x080055a8   0x00000060   Code   RO         1267    CL$$btod_d2e_norm_op1  c_w.l(btod.o)
    0x08005608   0x08005608   0x00000338   Code   RO         1276    CL$$btod_div_common  c_w.l(btod.o)
    0x08005940   0x08005940   0x000000dc   Code   RO         1273    CL$$btod_e2e        c_w.l(btod.o)
    0x08005a1c   0x08005a1c   0x0000002a   Code   RO         1270    CL$$btod_ediv       c_w.l(btod.o)
    0x08005a46   0x08005a46   0x0000002a   Code   RO         1269    CL$$btod_emul       c_w.l(btod.o)
    0x08005a70   0x08005a70   0x00000244   Code   RO         1275    CL$$btod_mult_common  c_w.l(btod.o)
    0x08005cb4   0x08005cb4   0x00000028   Code   RO         1307    i.__ARM_fpclassify  m_ws.l(fpclassify.o)
    0x08005cdc   0x08005cdc   0x0000000e   Code   RO         1155    i._is_digit         c_w.l(__printf_wp.o)
    0x08005cea   0x08005cea   0x00000002   PAD
    0x08005cec   0x08005cec   0x0000002c   Code   RO         1291    locale$$code        c_w.l(lc_numeric_c.o)
    0x08005d18   0x08005d18   0x0000002c   Code   RO         1319    locale$$code        c_w.l(lc_ctype_c.o)
    0x08005d44   0x08005d44   0x00000062   Code   RO         1068    x$fpl$d2f           fz_ws.l(d2f.o)
    0x08005da6   0x08005da6   0x00000002   PAD
    0x08005da8   0x08005da8   0x000002b4   Code   RO         1071    x$fpl$ddiv          fz_ws.l(ddiv.o)
    0x0800605c   0x0800605c   0x0000002e   Code   RO         1075    x$fpl$dflt          fz_ws.l(dflt_clz.o)
    0x0800608a   0x0800608a   0x0000009c   Code   RO         1190    x$fpl$dnaninf       fz_ws.l(dnaninf.o)
    0x08006126   0x08006126   0x0000000c   Code   RO         1192    x$fpl$dretinf       fz_ws.l(dretinf.o)
    0x08006132   0x08006132   0x00000002   PAD
    0x08006134   0x08006134   0x00000056   Code   RO         1080    x$fpl$f2d           fz_ws.l(f2d.o)
    0x0800618a   0x0800618a   0x00000054   Code   RO         1082    x$fpl$fcmp          fz_ws.l(fcmp.o)
    0x080061de   0x080061de   0x00000018   Code   RO         1250    x$fpl$fcmpinf       fz_ws.l(fcmpi.o)
    0x080061f6   0x080061f6   0x00000002   PAD
    0x080061f8   0x080061f8   0x00000068   Code   RO         1194    x$fpl$feqf          fz_ws.l(feqf.o)
    0x08006260   0x08006260   0x00000030   Code   RO         1085    x$fpl$fflt          fz_ws.l(fflt_clz.o)
    0x08006290   0x08006290   0x00000068   Code   RO         1196    x$fpl$fgeqf         fz_ws.l(fgeqf.o)
    0x080062f8   0x080062f8   0x00000068   Code   RO         1198    x$fpl$fleqf         fz_ws.l(fleqf.o)
    0x08006360   0x08006360   0x0000008c   Code   RO         1200    x$fpl$fnaninf       fz_ws.l(fnaninf.o)
    0x080063ec   0x080063ec   0x0000000a   Code   RO         1202    x$fpl$fretinf       fz_ws.l(fretinf.o)
    0x080063f6   0x080063f6   0x00000004   Code   RO         1204    x$fpl$printf1       fz_ws.l(printf1.o)
    0x080063fa   0x080063fa   0x00000004   Code   RO         1206    x$fpl$printf2       fz_ws.l(printf2.o)
    0x080063fe   0x080063fe   0x00000000   Code   RO         1212    x$fpl$usenofp       fz_ws.l(usenofp.o)
    0x080063fe   0x080063fe   0x00000002   PAD
    0x08006400   0x08006400   0x00000008   Data   RO         1114    .constdata          c_w.l(_printf_wctomb.o)
    0x08006408   0x08006408   0x00000028   Data   RO         1143    .constdata          c_w.l(_printf_hex_int_ll_ptr.o)
    0x08006430   0x08006430   0x00000011   Data   RO         1163    .constdata          c_w.l(__printf_flags_ss_wp.o)
    0x08006441   0x08006441   0x00000026   Data   RO         1239    .constdata          c_w.l(_printf_fp_hex.o)
    0x08006467   0x08006467   0x00000001   PAD
    0x08006468   0x08006468   0x00000094   Data   RO         1264    .constdata          c_w.l(bigflt0.o)
    0x080064fc   0x080064fc   0x00000010   Data   RO         1044    .rodata.AHBPrescTable  system_stm32f1xx.o
    0x0800650c   0x0800650c   0x00000008   Data   RO         1045    .rodata.APBPrescTable  system_stm32f1xx.o
    0x08006514   0x08006514   0x00000010   Data   RO          501    .rodata.HAL_RCC_GetSysClockFreq.aPLLMULFactorTable  stm32f1xx_hal_rcc.o
    0x08006524   0x08006524   0x00000002   Data   RO          502    .rodata.HAL_RCC_GetSysClockFreq.aPredivFactorTable  stm32f1xx_hal_rcc.o
    0x08006526   0x08006526   0x00000228   Data   RO          207    .rodata.asc2_0806   oled.o
    0x0800674e   0x0800674e   0x00000474   Data   RO          208    .rodata.asc2_1206   oled.o
    0x08006bc2   0x08006bc2   0x000005f0   Data   RO          209    .rodata.asc2_1608   oled.o
    0x080071b2   0x080071b2   0x00000d5c   Data   RO          210    .rodata.asc2_2412   oled.o
    0x08007f0e   0x08007f0e   0x000000b5   Data   RO           29    .rodata.str1.1      main.o
    0x08007fc3   0x08007fc3   0x00000001   PAD
    0x08007fc4   0x08007fc4   0x00000020   Data   RO         1454    Region$$Table       anon$$obj.o
    0x08007fe4   0x08007fe4   0x0000001c   Data   RO         1290    locale$$data        c_w.l(lc_numeric_c.o)
    0x08008000   0x08008000   0x00000110   Data   RO         1318    locale$$data        c_w.l(lc_ctype_c.o)


    Execution Region RW_IRAM1 (Exec base: 0x20000000, Load base: 0x08008110, Size: 0x00000c30, Max: 0x00005000, ABSOLUTE)

    Exec Addr    Load Addr    Size         Type   Attr      Idx    E Section Name        Object

    0x20000000   0x08008110   0x00000004   Data   RW         1043    .data.SystemCoreClock  system_stm32f1xx.o
    0x20000004   0x08008114   0x00000004   Data   RW           24    .data.TsetNo        main.o
    0x20000008   0x08008118   0x00000004   Data   RW           23    .data.TsetYes       main.o
    0x2000000c   0x0800811c   0x00000001   Data   RW          462    .data.uwTickFreq    stm32f1xx_hal.o
    0x2000000d   0x0800811d   0x00000003   PAD
    0x20000010   0x08008120   0x00000004   Data   RW          461    .data.uwTickPrio    stm32f1xx_hal.o
    0x20000014   0x08008124   0x00000004   PAD
    0x20000018        -       0x00000060   Zero   RW         1310    .bss                c_w.l(libspace.o)
    0x20000078        -       0x00000018   Zero   RW          166    .bss.BMP280_CALIBRATION_DATA  convertors.o
    0x20000090        -       0x00000480   Zero   RW          211    .bss.OLED_GRAM      oled.o
    0x20000510        -       0x00000004   Zero   RW           25    .bss.T              main.o
    0x20000514        -       0x00000054   Zero   RW           55    .bss.hi2c1          i2c.o
    0x20000568        -       0x00000058   Zero   RW           69    .bss.hspi1          spi.o
    0x200005c0        -       0x00000048   Zero   RW           83    .bss.huart1         usart.o
    0x20000608        -       0x00000004   Zero   RW          154    .bss.interface      bmp280_i2c.o
    0x2000060c        -       0x00000004   Zero   RW           28    .bss.peopleFlag     main.o
    0x20000610        -       0x00000004   Zero   RW           27    .bss.setFlag        main.o
    0x20000614        -       0x00000004   Zero   RW           26    .bss.t              main.o
    0x20000618        -       0x00000004   Zero   RW          167    .bss.t_fine         convertors.o
    0x2000061c        -       0x00000005   Zero   RW           32    .bss.tempToSetNo    main.o
    0x20000621        -       0x00000005   Zero   RW           31    .bss.tempToSetYes   main.o
    0x20000626        -       0x00000006   Zero   RW           30    .bss.tempToShow     main.o
    0x2000062c        -       0x00000004   Zero   RW          463    .bss.uwTick         stm32f1xx_hal.o
    0x20000630        -       0x00000200   Zero   RW            2    HEAP                startup_stm32f103xb.o
    0x20000830        -       0x00000400   Zero   RW            1    STACK               startup_stm32f103xb.o


==============================================================================

Image component sizes


      Code (inc. data)   RO Data    RW Data    ZI Data      Debug   Object Name

       350          0          0          0          0       5596   bmp280.o
       144          0          0          0          4       3672   bmp280_i2c.o
        88          0          0          0         28       1630   convertors.o
       306          0          0          0          0       1555   gpio.o
       198          0          0          0         84       4256   i2c.o
       214          0          0          0          0        960   keyscan.o
      1834          0        181          8         32       3647   main.o
      1562          0       6632          0       1152       5961   oled.o
       204          0          0          0         88       4062   spi.o
        64         26        236          0       1536        792   startup_stm32f103xb.o
       254          0          0          5          4       5549   stm32f1xx_hal.o
       414          0          0          0          0       7535   stm32f1xx_hal_cortex.o
       928          0          0          0          0       4213   stm32f1xx_hal_gpio.o
      4510          0          0          0          0      37453   stm32f1xx_hal_i2c.o
       100          0          0          0          0       1188   stm32f1xx_hal_msp.o
      2582          0         18          0          0       7414   stm32f1xx_hal_rcc.o
      1326          0          0          0          0      18920   stm32f1xx_hal_spi.o
      1014          0          0          0          0      20040   stm32f1xx_hal_uart.o
        34          0          0          0          0       1007   stm32f1xx_it.o
         2          0         24          4          0       1556   system_stm32f1xx.o
       216          0          0          0         72       4083   usart.o

    ----------------------------------------------------------------------
     16436         26       7124         20       3004     141089   Object Totals
         0          0         32          0          0          0   (incl. Generated)
        92          0          1          3          4          0   (incl. Padding)

    ----------------------------------------------------------------------

      Code (inc. data)   RO Data    RW Data    ZI Data      Debug   Library Member Name

         8          0          0          0          0         68   __main.o
       392          4         17          0          0         92   __printf_flags_ss_wp.o
        14          0          0          0          0         68   __printf_wp.o
         0          0          0          0          0          0   __rtentry.o
        12          0          0          0          0          0   __rtentry2.o
         6          0          0          0          0          0   __rtentry4.o
        94          8          0          0          0          0   __scatter.o
        26          0          0          0          0          0   __scatter_copy.o
        28          0          0          0          0          0   __scatter_zi.o
        72          0          0          0          0         96   _c16rtomb.o
         6          0          0          0          0          0   _printf_a.o
         6          0          0          0          0          0   _printf_c.o
        44          0          0          0          0        108   _printf_char.o
        48          6          0          0          0         96   _printf_char_common.o
        40          0          0          0          0         68   _printf_charcount.o
         6          0          0          0          0          0   _printf_d.o
       120         16          0          0          0         92   _printf_dec.o
         6          0          0          0          0          0   _printf_e.o
         6          0          0          0          0          0   _printf_f.o
      1052          0          0          0          0        148   _printf_fp_dec.o
       764          8         38          0          0        100   _printf_fp_hex.o
       128         16          0          0          0         84   _printf_fp_infnan.o
         6          0          0          0          0          0   _printf_g.o
       148          4         40          0          0        160   _printf_hex_int_ll_ptr.o
         6          0          0          0          0          0   _printf_i.o
       178          0          0          0          0         88   _printf_intcommon.o
        10          0          0          0          0          0   _printf_l.o
         6          0          0          0          0          0   _printf_lc.o
        10          0          0          0          0          0   _printf_ll.o
         6          0          0          0          0          0   _printf_lld.o
         6          0          0          0          0          0   _printf_lli.o
         6          0          0          0          0          0   _printf_llo.o
         6          0          0          0          0          0   _printf_llu.o
         6          0          0          0          0          0   _printf_llx.o
       124         16          0          0          0         92   _printf_longlong_dec.o
         6          0          0          0          0          0   _printf_ls.o
         6          0          0          0          0          0   _printf_n.o
         6          0          0          0          0          0   _printf_o.o
       112          8          0          0          0        124   _printf_oct_int_ll.o
         6          0          0          0          0          0   _printf_p.o
        78          0          0          0          0        108   _printf_pad.o
         0          0          0          0          0          0   _printf_percent.o
         4          0          0          0          0          0   _printf_percent_end.o
         6          0          0          0          0          0   _printf_s.o
        82          0          0          0          0         80   _printf_str.o
        36          0          0          0          0         84   _printf_truncate.o
         6          0          0          0          0          0   _printf_u.o
        44          0          0          0          0        108   _printf_wchar.o
       188          6          8          0          0         92   _printf_wctomb.o
         6          0          0          0          0          0   _printf_x.o
        16          0          0          0          0         68   _snputc.o
       228          4        148          0          0         96   bigflt0.o
      1936        128          0          0          0        668   btod.o
        18          0          0          0          0         80   exit.o
         6          0          0          0          0        152   heapauxi.o
         0          0          0          0          0          0   indicate_semi.o
        44         10        272          0          0         76   lc_ctype_c.o
        44         10         28          0          0         76   lc_numeric_c.o
         2          0          0          0          0          0   libinit.o
        30          0          0          0          0          0   libinit2.o
         2          0          0          0          0          0   libshutdown.o
         2          0          0          0          0          0   libshutdown2.o
         8          4          0          0         96         68   libspace.o
       138          0          0          0          0         80   lludiv10.o
        16          4          0          0          0         76   rt_ctype_table.o
         8          4          0          0          0         68   rt_locale_intlibspace.o
        78          0          0          0          0         80   rt_memclr_w.o
       138          0          0          0          0         68   rt_memcpy_v6.o
       100          0          0          0          0         80   rt_memcpy_w.o
         2          0          0          0          0          0   rtexit.o
        10          0          0          0          0          0   rtexit2.o
        64          6          0          0          0         84   snprintf.o
       128          0          0          0          0         68   strcmpv7m.o
        62          0          0          0          0         76   strlen.o
        12          4          0          0          0         68   sys_exit.o
        74          0          0          0          0         80   sys_stackheap_outer.o
         2          0          0          0          0         68   use_no_semi.o
        98          4          0          0          0         92   d2f.o
       692        140          0          0          0        216   ddiv.o
        46          0          0          0          0         68   dflt_clz.o
       156          4          0          0          0         92   dnaninf.o
        12          0          0          0          0         68   dretinf.o
        86          4          0          0          0         84   f2d.o
        84          0          0          0          0        196   fcmp.o
        24          0          0          0          0         68   fcmpi.o
       104          4          0          0          0         84   feqf.o
        48          0          0          0          0         68   fflt_clz.o
       104          4          0          0          0         84   fgeqf.o
       104          4          0          0          0         84   fleqf.o
       140          4          0          0          0         84   fnaninf.o
        10          0          0          0          0         68   fretinf.o
         4          0          0          0          0         68   printf1.o
         4          0          0          0          0         68   printf2.o
         0          0          0          0          0          0   usenofp.o
        40          0          0          0          0         68   fpclassify.o

    ----------------------------------------------------------------------
      8928        434        552          0         96       5696   Library Totals
        22          0          1          0          0          0   (incl. Padding)

    ----------------------------------------------------------------------

      Code (inc. data)   RO Data    RW Data    ZI Data      Debug   Library Name

      7150        266        551          0         96       4136   c_w.l
      1716        168          0          0          0       1492   fz_ws.l
        40          0          0          0          0         68   m_ws.l

    ----------------------------------------------------------------------
      8928        434        552          0         96       5696   Library Totals

    ----------------------------------------------------------------------

==============================================================================


      Code (inc. data)   RO Data    RW Data    ZI Data      Debug   

     25364        460       7676         20       3100     143401   Grand Totals
     25364        460       7676         20       3100     143401   ELF Image Totals
     25364        460       7676         20          0          0   ROM Totals

==============================================================================

    Total RO  Size (Code + RO Data)                33040 (  32.27kB)
    Total RW  Size (RW Data + ZI Data)              3120 (   3.05kB)
    Total ROM Size (Code + RO Data + RW Data)      33060 (  32.29kB)

==============================================================================

